Archive member included to satisfy reference by file (symbol)

C:/devkitPro/libctru/lib\libcitro2d.a(base.o)
                              main.o (C2D_Init)
C:/devkitPro/libctru/lib\libcitro2d.a(text.o)
                              main.o (C2D_TextBufNew)
C:/devkitPro/libctru/lib\libcitro2d.a(spritesheet.o)
                              game.o (C2D_SpriteSheetLoad)
C:/devkitPro/libctru/lib\libcitro2d.a(font.o)
                              main.o (C2D_FontLoad)
C:/devkitPro/libctru/lib\libcitro2d.a(render2d.shbin.o)
                              C:/devkitPro/libctru/lib\libcitro2d.a(base.o) (render2d_shbin)
C:/devkitPro/libctru/lib\libcitro3d.a(attribs.o)
                              C:/devkitPro/libctru/lib\libcitro2d.a(base.o) (AttrInfo_Init)
C:/devkitPro/libctru/lib\libcitro3d.a(base.o)
                              C:/devkitPro/libctru/lib\libcitro3d.a(attribs.o) (__C3D_Context)
C:/devkitPro/libctru/lib\libcitro3d.a(buffers.o)
                              C:/devkitPro/libctru/lib\libcitro2d.a(base.o) (BufInfo_Init)
C:/devkitPro/libctru/lib\libcitro3d.a(drawElements.o)
                              C:/devkitPro/libctru/lib\libcitro2d.a(base.o) (C3D_DrawElements)
C:/devkitPro/libctru/lib\libcitro3d.a(effect.o)
                              C:/devkitPro/libctru/lib\libcitro3d.a(base.o) (C3D_DepthMap)
C:/devkitPro/libctru/lib\libcitro3d.a(framebuffer.o)
                              C:/devkitPro/libctru/lib\libcitro3d.a(base.o) (C3Di_FrameBufBind)
C:/devkitPro/libctru/lib\libcitro3d.a(immediate.o)
                              C:/devkitPro/libctru/lib\libcitro3d.a(base.o) (C3D_ImmSendAttrib)
C:/devkitPro/libctru/lib\libcitro3d.a(proctex.o)
                              C:/devkitPro/libctru/lib\libcitro2d.a(base.o) (C3D_ProcTexInit)
C:/devkitPro/libctru/lib\libcitro3d.a(renderqueue.o)
                              C:/devkitPro/libctru/lib\libcitro3d.a(base.o) (C3Di_RenderQueueEnableVBlank)
C:/devkitPro/libctru/lib\libcitro3d.a(tex3ds.o)
                              C:/devkitPro/libctru/lib\libcitro2d.a(spritesheet.o) (Tex3DS_TextureImport)
C:/devkitPro/libctru/lib\libcitro3d.a(texenv.o)
                              C:/devkitPro/libctru/lib\libcitro2d.a(base.o) (C3D_GetTexEnv)
C:/devkitPro/libctru/lib\libcitro3d.a(texture.o)
                              C:/devkitPro/libctru/lib\libcitro3d.a(tex3ds.o) (C3D_TexInitWithParams)
C:/devkitPro/libctru/lib\libcitro3d.a(uniforms.o)
                              C:/devkitPro/libctru/lib\libcitro3d.a(base.o) (C3D_UpdateUniforms)
C:/devkitPro/libctru/lib\libcitro3d.a(mtx_multiply.o)
                              C:/devkitPro/libctru/lib\libcitro2d.a(base.o) (Mtx_Multiply)
C:/devkitPro/libctru/lib\libcitro3d.a(mtx_ortho.o)
                              C:/devkitPro/libctru/lib\libcitro2d.a(base.o) (Mtx_Ortho)
C:/devkitPro/libctru/lib\libcitro3d.a(mtx_orthotilt.o)
                              C:/devkitPro/libctru/lib\libcitro2d.a(base.o) (Mtx_OrthoTilt)
C:/devkitPro/libctru/lib\libcitro3d.a(mtx_rotatez.o)
                              C:/devkitPro/libctru/lib\libcitro2d.a(base.o) (Mtx_RotateZ)
C:/devkitPro/libctru/lib\libcitro3d.a(mtx_scale.o)
                              C:/devkitPro/libctru/lib\libcitro2d.a(base.o) (Mtx_Scale)
C:/devkitPro/libctru/lib\libcitro3d.a(mtx_translate.o)
                              C:/devkitPro/libctru/lib\libcitro2d.a(base.o) (Mtx_Translate)
C:/devkitPro/libctru/lib\libctru.a(vram.o)
                              C:/devkitPro/libctru/lib\libcitro3d.a(renderqueue.o) (vramAlloc)
C:/devkitPro/libctru/lib\libctru.a(linear.o)
                              C:/devkitPro/libctru/lib\libcitro2d.a(base.o) (linearAlloc)
C:/devkitPro/libctru/lib\libctru.a(mem_pool.o)
                              C:/devkitPro/libctru/lib\libctru.a(vram.o) (MemPool::Allocate(MemChunk&, unsigned long, int))
C:/devkitPro/libctru/lib\libctru.a(romfs_dev.o)
                              main.o (romfsMountSelf)
C:/devkitPro/libctru/lib\libctru.a(os.o)
                              C:/devkitPro/libctru/lib\libcitro3d.a(buffers.o) (osConvertVirtToPhys)
C:/devkitPro/libctru/lib\libctru.a(console.o)
                              main.o (consoleInit)
C:/devkitPro/libctru/lib\libctru.a(path_buf.o)
                              C:/devkitPro/libctru/lib\libctru.a(romfs_dev.o) (__ctru_dev_utf16_buf)
C:/devkitPro/libctru/lib\libctru.a(font.o)
                              C:/devkitPro/libctru/lib\libcitro2d.a(text.o) (fontEnsureMapped)
C:/devkitPro/libctru/lib\libctru.a(gfx.o)
                              C:/devkitPro/libctru/lib\libcitro2d.a(base.o) (gfxIsWide)
C:/devkitPro/libctru/lib\libctru.a(shaderProgram.o)
                              C:/devkitPro/libctru/lib\libcitro2d.a(base.o) (shaderInstanceGetUniformLocation)
C:/devkitPro/libctru/lib\libctru.a(shbin.o)
                              C:/devkitPro/libctru/lib\libcitro2d.a(base.o) (DVLB_ParseFile)
C:/devkitPro/libctru/lib\libctru.a(gx.o)
[...]
Memory Configuration

Name             Origin             Length             Attributes
*default*        0x00000000         0xffffffff

Linker script and memory map

                0x00100000                        PROVIDE (__start__ = 0x100000)
                0x00100000                        . = __start__

.text           0x00100000    0x2f1e8
 *(.crt0)
 .crt0          0x00100000       0x94 c:/devkitpro/devkitarm/bin/../lib/gcc/arm-none-eabi/12.2.0/../../../../arm-none-eabi/lib/armv6k/fpu/3dsx_crt0.o
                0x00100000                _start
                0x00100008                __service_ptr
                0x0010000c                __apt_appid
                0x00100010                __heap_size
                0x00100014                __linear_heap_size
                0x00100018                __system_arglist
                0x0010001c                __system_runflags
 *(.init)
 .init          0x00100094        0xc c:/devkitpro/devkitarm/bin/../lib/gcc/arm-none-eabi/12.2.0/armv6k/fpu/crti.o
                0x00100094                _init
 .init          0x001000a0        0xc c:/devkitpro/devkitarm/bin/../lib/gcc/arm-none-eabi/12.2.0/armv6k/fpu/crtn.o
                0x001000ac                        . = ALIGN (0x4)
 *(.text)
 .text          0x001000ac      0x20c c:/devkitpro/devkitarm/bin/../lib/gcc/arm-none-eabi/12.2.0/armv6k/fpu\libgcc.a(_udivsi3.o)
                0x001000ac                __aeabi_uidiv
                0x001000ac                __udivsi3
                0x00100298                __aeabi_uidivmod
 .text          0x001002b8      0x240 c:/devkitpro/devkitarm/bin/../lib/gcc/arm-none-eabi/12.2.0/armv6k/fpu\libgcc.a(_divsi3.o)
                0x001002b8                __divsi3
                0x001002b8                __aeabi_idiv
                0x001004d8                __aeabi_idivmod
 .text          0x001004f8        0x4 c:/devkitpro/devkitarm/bin/../lib/gcc/arm-none-eabi/12.2.0/armv6k/fpu\libgcc.a(_dvmd_tls.o)
                0x001004f8                __aeabi_idiv0
                0x001004f8                __aeabi_ldiv0
 .text          0x001004fc      0x3c0 c:/devkitpro/devkitarm/bin/../lib/gcc/arm-none-eabi/12.2.0/armv6k/fpu\libgcc.a(_arm_addsubdf3.o)
                0x001004fc                __aeabi_drsub
                0x00100504                __aeabi_dsub
                0x00100504                __subdf3
                0x00100508                __aeabi_dadd
                0x00100508                __adddf3
                0x001007b4                __floatunsidf
                0x001007b4                __aeabi_ui2d
                0x001007d8                __floatsidf
                0x001007d8                __aeabi_i2d
                0x00100800                __aeabi_f2d
                0x00100800                __extendsfdf2
                0x00100848                __floatundidf
                0x00100848                __aeabi_ul2d
                0x0010085c                __floatdidf
                0x0010085c                __aeabi_l2d
 .text          0x001008bc       0xd4 c:/devkitpro/devkitarm/bin/../lib/gcc/arm-none-eabi/12.2.0/armv6k/fpu\libgcc.a(_aeabi_ldivmod.o)
                0x001008bc                __aeabi_ldivmod
 .text          0x00100990       0x3c c:/devkitpro/devkitarm/bin/../lib/gcc/arm-none-eabi/12.2.0/armv6k/fpu\libgcc.a(_aeabi_uldivmod.o)
                0x00100990                __aeabi_uldivmod
 *fill*         0x001009cc       0x14 
 .text          0x001009e0      0x390 c:/devkitpro/devkitarm/bin/../lib/gcc/arm-none-eabi/12.2.0/../../../../arm-none-eabi/lib/armv6k/fpu\libg.a(libc_a-strcmp.o)
                0x001009e8                strcmp
 *(.text.*)
 .text.__do_global_dtors_aux
                0x00100d70       0x40 c:/devkitpro/devkitarm/bin/../lib/gcc/arm-none-eabi/12.2.0/armv6k/fpu/crtbegin.o
 .text.frame_dummy
                0x00100db0       0x2c c:/devkitpro/devkitarm/bin/../lib/gcc/arm-none-eabi/12.2.0/armv6k/fpu/crtbegin.o
 .text.initialize_jet
                0x00100ddc      0x6ac game.o
                0x00100ddc                initialize_jet
 .text.bullets_jet
                0x00101488      0x1f8 game.o
                0x00101488                bullets_jet
 .text.drawGame
                0x00101680      0x1a4 game.o
                0x00101680                drawGame
 .text.caracterSprite
                0x00101824       0x58 game.o
                0x00101824                caracterSprite
 .text.initplayerstripe
                0x0010187c       0x58 game.o
                0x0010187c                initplayerstripe
 .text.switch_backgrounds
                0x001018d4      0x224 game.o
                0x001018d4                switch_backgrounds
 .text.jetpack  0x00101af8      0x1c8 game.o
                0x00101af8                jetpack
 .text.trigger_jetpack
                0x00101cc0       0xec game.o
                0x00101cc0                trigger_jetpack
 .text.level_generator
                0x00101dac       0xc8 levelgen.o
                0x00101dac                level_generator
 .text.startup.main
                0x00101e74      0x94c main.o
                0x00101e74                main
 .text.C2Di_FrameEndHook
                0x001027c0       0x44 C:/devkitPro/libctru/lib\libcitro2d.a(base.o)
 *fill*         0x00102804        0x4 
 .text.C2D_Init
                0x00102808      0x36c C:/devkitPro/libctru/lib\libcitro2d.a(base.o)
                0x00102808                C2D_Init
 .text.C2D_Fini
                0x00102b74       0x4c C:/devkitPro/libctru/lib\libcitro2d.a(base.o)
                0x00102b74                C2D_Fini
 .text.C2D_Prepare
                0x00102bc0       0xb8 C:/devkitPro/libctru/lib\libcitro2d.a(base.o)
                0x00102bc0                C2D_Prepare
 .text.C2D_Flush
                0x00102c78       0x48 C:/devkitPro/libctru/lib\libcitro2d.a(base.o)
                0x00102c78                C2D_Flush
 .text.C2D_SceneSize
                0x00102cc0      0x104 C:/devkitPro/libctru/lib\libcitro2d.a(base.o)
                0x00102cc0                C2D_SceneSize
 .text.C2D_CreateScreenTarget
                0x00102dc4       0x58 C:/devkitPro/libctru/lib\libcitro2d.a(base.o)
                0x00102dc4                C2D_CreateScreenTarget
 .text.C2D_TargetClear
                0x00102e1c       0x64 C:/devkitPro/libctru/lib\libcitro2d.a(base.o)
                0x00102e1c                C2D_TargetClear
 .text.C2Di_CalcQuad
                0x00102e80      0x13c C:/devkitPro/libctru/lib\libcitro2d.a(base.o)
                0x00102e80                C2Di_CalcQuad
 .text.C2Di_AppendQuad
                0x00102fbc       0x58 C:/devkitPro/libctru/lib\libcitro2d.a(base.o)
                0x00102fbc                C2Di_AppendQuad
 .text.C2Di_AppendVtx
                0x00103014       0x40 C:/devkitPro/libctru/lib\libcitro2d.a(base.o)
                0x00103014                C2Di_AppendVtx
 .text.C2Di_Update
                0x00103054      0x550 C:/devkitPro/libctru/lib\libcitro2d.a(base.o)
                0x00103054                C2Di_Update
 .text.C2D_DrawImage
                0x001035a4      0x2b0 C:/devkitPro/libctru/lib\libcitro2d.a(base.o)
                0x001035a4                C2D_DrawImage
 .text.C2D_DrawRectangle
                0x00103854      0x158 C:/devkitPro/libctru/lib\libcitro2d.a(base.o)
                0x00103854                C2D_DrawRectangle
 .text.C2Di_GlyphComp
                0x001039ac       0x18 C:/devkitPro/libctru/lib\libcitro2d.a(text.o)
 .text.C2Di_CalcLineWidths
                0x001039c4      0x140 C:/devkitPro/libctru/lib\libcitro2d.a(text.o)
 .text.C2D_TextBufNew
                0x00103b04      0x1dc C:/devkitPro/libctru/lib\libcitro2d.a(text.o)
                0x00103b04                C2D_TextBufNew
 .text.C2D_TextFontParseLine
                0x00103ce0      0x1c8 C:/devkitPro/libctru/lib\libcitro2d.a(text.o)
                0x00103ce0                C2D_TextFontParseLine
 .text.C2D_TextFontParse
                0x00103ea8       0xa8 C:/devkitPro/libctru/lib\libcitro2d.a(text.o)
                0x00103ea8                C2D_TextFontParse
 .text.C2D_TextOptimize
                0x00103f50       0x30 C:/devkitPro/libctru/lib\libcitro2d.a(text.o)
                0x00103f50                C2D_TextOptimize
 .text.C2D_DrawText
                0x00103f80      0xf6c C:/devkitPro/libctru/lib\libcitro2d.a(text.o)
                0x00103f80                C2D_DrawText
 .text.C2D_SpriteSheetLoadFromHandle
                0x00104eec       0x6c C:/devkitPro/libctru/lib\libcitro2d.a(spritesheet.o)
                0x00104eec                C2D_SpriteSheetLoadFromHandle
 .text.C2D_SpriteSheetLoad
                0x00104f58       0x48 C:/devkitPro/libctru/lib\libcitro2d.a(spritesheet.o)
                0x00104f58                C2D_SpriteSheetLoad
 .text.C2D_SpriteSheetGetImage
                0x00104fa0       0x2c C:/devkitPro/libctru/lib\libcitro2d.a(spritesheet.o)
                0x00104fa0                C2D_SpriteSheetGetImage
 .text.C2D_FontFree
                0x00104fcc       0x28 C:/devkitPro/libctru/lib\libcitro2d.a(font.o)
                0x00104fcc                C2D_FontFree
 .text.C2Di_PostLoadFont
                0x00104ff4       0xe8 C:/devkitPro/libctru/lib\libcitro2d.a(font.o)
 .text.C2D_FontLoadFromHandle
                0x001050dc       0xb4 C:/devkitPro/libctru/lib\libcitro2d.a(font.o)
                0x001050dc                C2D_FontLoadFromHandle
 .text.C2D_FontLoad
                0x00105190       0x34 C:/devkitPro/libctru/lib\libcitro2d.a(font.o)
                0x00105190                C2D_FontLoad
 .text.C2D_FontGlyphIndexFromCodePoint
                0x001051c4       0x44 C:/devkitPro/libctru/lib\libcitro2d.a(font.o)
                0x001051c4                C2D_FontGlyphIndexFromCodePoint
 .text.C2D_FontCalcGlyphPos
                0x00105208       0x78 C:/devkitPro/libctru/lib\libcitro2d.a(font.o)
                0x00105208                C2D_FontCalcGlyphPos
 .text.AttrInfo_Init
                0x00105280       0x28 C:/devkitPro/libctru/lib\libcitro3d.a(attribs.o)
                0x00105280                AttrInfo_Init
 .text.AttrInfo_AddLoader
                0x001052a8       0x94 C:/devkitPro/libctru/lib\libcitro3d.a(attribs.o)
                0x001052a8                AttrInfo_AddLoader
 .text.C3D_SetAttrInfo
                0x0010533c       0x54 C:/devkitPro/libctru/lib\libcitro3d.a(attribs.o)
                0x0010533c                C3D_SetAttrInfo
 .text.C3Di_AttrInfoBind
                0x00105390       0x80 C:/devkitPro/libctru/lib\libcitro3d.a(attribs.o)
                0x00105390                C3Di_AttrInfoBind
 .text.C3Di_LightEnvUpdate
                0x00105410        0x4 C:/devkitPro/libctru/lib\libcitro3d.a(base.o)
                0x00105410                C3Di_LightEnvUpdate
 .text.C3Di_LightEnvDirty
                0x00105414        0x4 C:/devkitPro/libctru/lib\libcitro3d.a(base.o)
                0x00105414                C3Di_LightEnvDirty
 .text.C3Di_AptEventHook
                0x00105418       0xb4 C:/devkitPro/libctru/lib\libcitro3d.a(base.o)
 .text.C3Di_GasUpdate
                0x001054cc        0x4 C:/devkitPro/libctru/lib\libcitro3d.a(base.o)
                0x001054cc                C3Di_GasUpdate
 .text.C3D_Init
                0x001054d0      0x1d0 C:/devkitPro/libctru/lib\libcitro3d.a(base.o)
                0x001054d0                C3D_Init
 .text.C3D_SetViewport
                0x001056a0       0x98 C:/devkitPro/libctru/lib\libcitro3d.a(base.o)
                0x001056a0                C3D_SetViewport
 .text.C3Di_UpdateContext
                0x00105738      0x4f0 C:/devkitPro/libctru/lib\libcitro3d.a(base.o)
                0x00105738                C3Di_UpdateContext
 .text.C3Di_SplitFrame
                0x00105c28       0xe0 C:/devkitPro/libctru/lib\libcitro3d.a(base.o)
                0x00105c28                C3Di_SplitFrame
 .text.C3D_GetCmdBufUsage
                0x00105d08       0x10 C:/devkitPro/libctru/lib\libcitro3d.a(base.o)
                0x00105d08                C3D_GetCmdBufUsage
 .text.C3D_Fini
                0x00105d18       0x44 C:/devkitPro/libctru/lib\libcitro3d.a(base.o)
                0x00105d18                C3D_Fini
 .text.C3D_BindProgram
                0x00105d5c      0x194 C:/devkitPro/libctru/lib\libcitro3d.a(base.o)
                0x00105d5c                C3D_BindProgram
 .text.BufInfo_Init
                0x00105ef0       0x24 C:/devkitPro/libctru/lib\libcitro3d.a(buffers.o)
                0x00105ef0                BufInfo_Init
 .text.BufInfo_Add
                0x00105f14       0x80 C:/devkitPro/libctru/lib\libcitro3d.a(buffers.o)
                0x00105f14                BufInfo_Add
 .text.C3D_SetBufInfo
                0x00105f94       0x3c C:/devkitPro/libctru/lib\libcitro3d.a(buffers.o)
                0x00105f94                C3D_SetBufInfo
 .text.C3Di_BufInfoBind
                0x00105fd0       0x48 C:/devkitPro/libctru/lib\libcitro3d.a(buffers.o)
                0x00105fd0                C3Di_BufInfoBind
 .text.C3D_DrawElements
                0x00106018      0x21c C:/devkitPro/libctru/lib\libcitro3d.a(drawElements.o)
                0x00106018                C3D_DrawElements
 .text.C3D_DepthMap
                0x00106234       0x40 C:/devkitPro/libctru/lib\libcitro3d.a(effect.o)
                0x00106234                C3D_DepthMap
 .text.C3D_CullFace
                0x00106274       0x1c C:/devkitPro/libctru/lib\libcitro3d.a(effect.o)
                0x00106274                C3D_CullFace
 .text.C3D_StencilTest
                0x00106290       0x40 C:/devkitPro/libctru/lib\libcitro3d.a(effect.o)
                0x00106290                C3D_StencilTest
 .text.C3D_StencilOp
                0x001062d0       0x24 C:/devkitPro/libctru/lib\libcitro3d.a(effect.o)
                0x001062d0                C3D_StencilOp
 .text.C3D_BlendingColor
                0x001062f4       0x1c C:/devkitPro/libctru/lib\libcitro3d.a(effect.o)
                0x001062f4                C3D_BlendingColor
 .text.C3D_EarlyDepthTest
                0x00106310       0x24 C:/devkitPro/libctru/lib\libcitro3d.a(effect.o)
                0x00106310                C3D_EarlyDepthTest
 .text.C3D_DepthTest
                0x00106334       0x2c C:/devkitPro/libctru/lib\libcitro3d.a(effect.o)
                0x00106334                C3D_DepthTest
 .text.C3D_AlphaTest
                0x00106360       0x2c C:/devkitPro/libctru/lib\libcitro3d.a(effect.o)
                0x00106360                C3D_AlphaTest
 .text.C3D_AlphaBlend
                0x0010638c       0x50 C:/devkitPro/libctru/lib\libcitro3d.a(effect.o)
                0x0010638c                C3D_AlphaBlend
 .text.C3D_FragOpMode
                0x001063dc       0x30 C:/devkitPro/libctru/lib\libcitro3d.a(effect.o)
                0x001063dc                C3D_FragOpMode
 .text.C3D_FragOpShadow
                0x0010640c       0x44 C:/devkitPro/libctru/lib\libcitro3d.a(effect.o)
                0x0010640c                C3D_FragOpShadow
 .text.C3Di_EffectBind
                0x00106450      0x1ac C:/devkitPro/libctru/lib\libcitro3d.a(effect.o)
                0x00106450                C3Di_EffectBind
 .text.C3D_CalcColorBufSize
                0x001065fc       0x1c C:/devkitPro/libctru/lib\libcitro3d.a(framebuffer.o)
                0x001065fc                C3D_CalcColorBufSize
 .text.C3D_CalcDepthBufSize
                0x00106618       0x1c C:/devkitPro/libctru/lib\libcitro3d.a(framebuffer.o)
                0x00106618                C3D_CalcDepthBufSize
 .text.C3D_SetFrameBuf
                0x00106634       0x44 C:/devkitPro/libctru/lib\libcitro3d.a(framebuffer.o)
                0x00106634                C3D_SetFrameBuf
 .text.C3Di_FrameBufBind
                0x00106678      0x16c C:/devkitPro/libctru/lib\libcitro3d.a(framebuffer.o)
                0x00106678                C3Di_FrameBufBind
 .text.C3D_FrameBufClear
                0x001067e4       0xc8 C:/devkitPro/libctru/lib\libcitro3d.a(framebuffer.o)
                0x001067e4                C3D_FrameBufClear
 .text.C3D_FrameBufTransfer
                0x001068ac       0x44 C:/devkitPro/libctru/lib\libcitro3d.a(framebuffer.o)
                0x001068ac                C3D_FrameBufTransfer
 .text.C3D_ImmSendAttrib
                0x001068f0       0xa8 C:/devkitPro/libctru/lib\libcitro3d.a(immediate.o)
                0x001068f0                C3D_ImmSendAttrib
 .text.C3D_ProcTexInit
                0x00106998       0x70 C:/devkitPro/libctru/lib\libcitro3d.a(proctex.o)
                0x00106998                C3D_ProcTexInit
 .text.C3D_ProcTexBind
                0x00106a08       0x54 C:/devkitPro/libctru/lib\libcitro3d.a(proctex.o)
                0x00106a08                C3D_ProcTexBind
 .text.C3D_ProcTexLutBind
                0x00106a5c       0x5c C:/devkitPro/libctru/lib\libcitro3d.a(proctex.o)
                0x00106a5c                C3D_ProcTexLutBind
 .text.ProcTexLut_FromArray
                0x00106ab8       0xa4 C:/devkitPro/libctru/lib\libcitro3d.a(proctex.o)
                0x00106ab8                ProcTexLut_FromArray
 .text.C3Di_ProcTexUpdate
                0x00106b5c      0x184 C:/devkitPro/libctru/lib\libcitro3d.a(proctex.o)
                0x00106b5c                C3Di_ProcTexUpdate
 .text.C3Di_ProcTexDirty
                0x00106ce0       0x68 C:/devkitPro/libctru/lib\libcitro3d.a(proctex.o)
                0x00106ce0                C3Di_ProcTexDirty
 .text.onVBlank0
                0x00106d48       0x4c C:/devkitPro/libctru/lib\libcitro3d.a(renderqueue.o)
 .text.onVBlank1
                0x00106d94       0x4c C:/devkitPro/libctru/lib\libcitro3d.a(renderqueue.o)
 .text.C3Di_RenderTargetDestroy
                0x00106de0       0x80 C:/devkitPro/libctru/lib\libcitro3d.a(renderqueue.o)
 .text.onQueueFinish
                0x00106e60       0xf4 C:/devkitPro/libctru/lib\libcitro3d.a(renderqueue.o)
 .text.C3Di_RenderQueueEnableVBlank
                0x00106f54       0x38 C:/devkitPro/libctru/lib\libcitro3d.a(renderqueue.o)
                0x00106f54                C3Di_RenderQueueEnableVBlank
 .text.C3Di_RenderQueueDisableVBlank
                0x00106f8c       0x30 C:/devkitPro/libctru/lib\libcitro3d.a(renderqueue.o)
                0x00106f8c                C3Di_RenderQueueDisableVBlank
 .text.C3Di_RenderQueueInit
                0x00106fbc       0x60 C:/devkitPro/libctru/lib\libcitro3d.a(renderqueue.o)
                0x00106fbc                C3Di_RenderQueueInit
 .text.C3Di_RenderQueueExit
                0x0010701c       0xb4 C:/devkitPro/libctru/lib\libcitro3d.a(renderqueue.o)
                0x0010701c                C3Di_RenderQueueExit
 .text.C3Di_RenderQueueWaitDone
                0x001070d0       0x34 C:/devkitPro/libctru/lib\libcitro3d.a(renderqueue.o)
                0x001070d0                C3Di_RenderQueueWaitDone
 .text.C3D_FrameBegin
                0x00107104       0xe8 C:/devkitPro/libctru/lib\libcitro3d.a(renderqueue.o)
                0x00107104                C3D_FrameBegin
 .text.C3D_FrameDrawOn
                0x001071ec       0x48 C:/devkitPro/libctru/lib\libcitro3d.a(renderqueue.o)
                0x001071ec                C3D_FrameDrawOn
 .text.C3D_FrameSplit
                0x00107234       0x58 C:/devkitPro/libctru/lib\libcitro3d.a(renderqueue.o)
                0x00107234                C3D_FrameSplit
 .text.C3D_FrameEnd
                0x0010728c      0x1d0 C:/devkitPro/libctru/lib\libcitro3d.a(renderqueue.o)
                0x0010728c                C3D_FrameEnd
 .text.C3D_FrameEndHook
                0x0010745c       0x1c C:/devkitPro/libctru/lib\libcitro3d.a(renderqueue.o)
                0x0010745c                C3D_FrameEndHook
 .text.C3D_GetDrawingTime
                0x00107478       0x18 C:/devkitPro/libctru/lib\libcitro3d.a(renderqueue.o)
                0x00107478                C3D_GetDrawingTime
 .text.C3D_GetProcessingTime
                0x00107490       0x18 C:/devkitPro/libctru/lib\libcitro3d.a(renderqueue.o)
                0x00107490                C3D_GetProcessingTime
 .text.C3D_RenderTargetCreate
                0x001074a8      0x170 C:/devkitPro/libctru/lib\libcitro3d.a(renderqueue.o)
                0x001074a8                C3D_RenderTargetCreate
 .text.C3D_RenderTargetSetOutput
                0x00107618       0xa8 C:/devkitPro/libctru/lib\libcitro3d.a(renderqueue.o)
                0x00107618                C3D_RenderTargetSetOutput
 .text.C3D_SyncTextureCopy
                0x001076c0       0xfc C:/devkitPro/libctru/lib\libcitro3d.a(renderqueue.o)
                0x001076c0                C3D_SyncTextureCopy
 .text.Tex3DSi_ImportCommon
                0x001077bc      0x3d8 C:/devkitPro/libctru/lib\libcitro3d.a(tex3ds.o)
 .text.Tex3DS_TextureImportStdio
                0x00107b94       0x38 C:/devkitPro/libctru/lib\libcitro3d.a(tex3ds.o)
                0x00107b94                Tex3DS_TextureImportStdio
 .text.Tex3DS_GetSubTexture
                0x00107bcc       0x1c C:/devkitPro/libctru/lib\libcitro3d.a(tex3ds.o)
                0x00107bcc                Tex3DS_GetSubTexture
 .text.C3D_GetTexEnv
                0x00107be8       0x34 C:/devkitPro/libctru/lib\libcitro3d.a(texenv.o)
                0x00107be8                C3D_GetTexEnv
 .text.C3Di_TexEnvBind
                0x00107c1c       0x24 C:/devkitPro/libctru/lib\libcitro3d.a(texenv.o)
                0x00107c1c                C3Di_TexEnvBind
 .text.C3D_TexInitWithParams
                0x00107c40      0x298 C:/devkitPro/libctru/lib\libcitro3d.a(texture.o)
                0x00107c40                C3D_TexInitWithParams
 .text.C3D_TexLoadImage
                0x00107ed8       0xc8 C:/devkitPro/libctru/lib\libcitro3d.a(texture.o)
                0x00107ed8                C3D_TexLoadImage
 .text.C3D_TexBind
                0x00107fa0       0x44 C:/devkitPro/libctru/lib\libcitro3d.a(texture.o)
                0x00107fa0                C3D_TexBind
 .text.C3D_TexDelete
                0x00107fe4       0x74 C:/devkitPro/libctru/lib\libcitro3d.a(texture.o)
                0x00107fe4                C3D_TexDelete
 .text.C3Di_SetTex
                0x00108058      0x16c C:/devkitPro/libctru/lib\libcitro3d.a(texture.o)
                0x00108058                C3Di_SetTex
 .text.C3D_UpdateUniforms
                0x001081c4      0x2a0 C:/devkitPro/libctru/lib\libcitro3d.a(uniforms.o)
                0x001081c4                C3D_UpdateUniforms
 .text.C3Di_DirtyUniforms
                0x00108464       0xc0 C:/devkitPro/libctru/lib\libcitro3d.a(uniforms.o)
                0x00108464                C3Di_DirtyUniforms
 .text.C3Di_LoadShaderUniforms
                0x00108524       0xd8 C:/devkitPro/libctru/lib\libcitro3d.a(uniforms.o)
                0x00108524                C3Di_LoadShaderUniforms
 .text.C3Di_ClearShaderUniforms
                0x001085fc       0x28 C:/devkitPro/libctru/lib\libcitro3d.a(uniforms.o)
                0x001085fc                C3Di_ClearShaderUniforms
 .text.Mtx_Ortho
                0x00108624       0xcc C:/devkitPro/libctru/lib\libcitro3d.a(mtx_ortho.o)
                0x00108624                Mtx_Ortho
 .text.Mtx_OrthoTilt
                0x001086f0       0xcc C:/devkitPro/libctru/lib\libcitro3d.a(mtx_orthotilt.o)
                0x001086f0                Mtx_OrthoTilt
 .text._ZL21addrMapNodeComparatorPK11rbtree_nodeS1_
                0x001087bc       0x24 C:/devkitPro/libctru/lib\libctru.a(vram.o)
 .text._ZL21addrMapNodeDestructorP11rbtree_node
                0x001087e0        0x4 C:/devkitPro/libctru/lib\libctru.a(vram.o)
 .text.vramMemAlignAt
                0x001087e4      0x250 C:/devkitPro/libctru/lib\libctru.a(vram.o)
                0x001087e4                vramMemAlignAt
 .text.vramAlloc
                0x00108a34        0xc C:/devkitPro/libctru/lib\libctru.a(vram.o)
                0x00108a34                vramAlloc
 .text.vramAllocAt
                0x00108a40        0xc C:/devkitPro/libctru/lib\libctru.a(vram.o)
                0x00108a40                vramAllocAt
 .text.vramFree
                0x00108a4c       0x90 C:/devkitPro/libctru/lib\libctru.a(vram.o)
                0x00108a4c                vramFree
 .text._ZL21addrMapNodeComparatorPK11rbtree_nodeS1_
                0x00108adc       0x24 C:/devkitPro/libctru/lib\libctru.a(linear.o)
 .text._ZL21addrMapNodeDestructorP11rbtree_node
                0x00108b00        0x4 C:/devkitPro/libctru/lib\libctru.a(linear.o)
 .text.linearMemAlign
                0x00108b04      0x120 C:/devkitPro/libctru/lib\libctru.a(linear.o)
                0x00108b04                linearMemAlign
 .text.linearAlloc
                0x00108c24        0x8 C:/devkitPro/libctru/lib\libctru.a(linear.o)
                0x00108c24                linearAlloc
 .text.linearFree
                0x00108c2c       0x5c C:/devkitPro/libctru/lib\libctru.a(linear.o)
                0x00108c2c                linearFree
 .text._ZN7MemPool13CoalesceRightEP8MemBlock
                0x00108c88       0x80 C:/devkitPro/libctru/lib\libctru.a(mem_pool.o)
                0x00108c88                MemPool::CoalesceRight(MemBlock*)
 .text._ZN7MemPool8AllocateER8MemChunkmi
                0x00108d08      0x16c C:/devkitPro/libctru/lib\libctru.a(mem_pool.o)
                0x00108d08                MemPool::Allocate(MemChunk&, unsigned long, int)
 .text._ZN7MemPool10DeallocateERK8MemChunk
                0x00108e74       0xfc C:/devkitPro/libctru/lib\libctru.a(mem_pool.o)
                0x00108e74                MemPool::Deallocate(MemChunk const&)
 .text._ZN7MemPool12GetFreeSpaceEv
                0x00108f70       0x30 C:/devkitPro/libctru/lib\libctru.a(mem_pool.o)
                0x00108f70                MemPool::GetFreeSpace()
 .text.romfs_close
                0x00108fa0        0x8 C:/devkitPro/libctru/lib\libctru.a(romfs_dev.o)
 .text.romfs_seek
                0x00108fa8       0xc0 C:/devkitPro/libctru/lib\libctru.a(romfs_dev.o)
 .text.romfs_dirreset
                0x00109068       0x24 C:/devkitPro/libctru/lib\libctru.a(romfs_dev.o)
 .text.fill_dir
                0x0010908c       0xc8 C:/devkitPro/libctru/lib\libctru.a(romfs_dev.o)
 .text.romfs_dirnext
                0x00109154      0x28c C:/devkitPro/libctru/lib\libctru.a(romfs_dev.o)
 .text.romfs_free
                0x001093e0       0x84 C:/devkitPro/libctru/lib\libctru.a(romfs_dev.o)
 .text.searchForFile.constprop.0
                0x00109464       0xd4 C:/devkitPro/libctru/lib\libctru.a(romfs_dev.o)
 .text.searchForDir.constprop.0
                0x00109538       0xd8 C:/devkitPro/libctru/lib\libctru.a(romfs_dev.o)
 .text.navigateToDir.constprop.0
                0x00109610      0x1c0 C:/devkitPro/libctru/lib\libctru.a(romfs_dev.o)
 .text.romfs_open
                0x001097d0      0x10c C:/devkitPro/libctru/lib\libctru.a(romfs_dev.o)
 .text.romfs_chdir
                0x001098dc       0x4c C:/devkitPro/libctru/lib\libctru.a(romfs_dev.o)
 .text.romfs_diropen
                0x00109928       0x70 C:/devkitPro/libctru/lib\libctru.a(romfs_dev.o)
 .text.romfs_stat
                0x00109998      0x174 C:/devkitPro/libctru/lib\libctru.a(romfs_dev.o)
 .text.romfs_dirclose
                0x00109b0c        0x8 C:/devkitPro/libctru/lib\libctru.a(romfs_dev.o)
 *fill*         0x00109b14        0x4 
 .text.romfs_fstat
                0x00109b18       0x84 C:/devkitPro/libctru/lib\libctru.a(romfs_dev.o)
 .text.romfs_read
                0x00109b9c       0xd0 C:/devkitPro/libctru/lib\libctru.a(romfs_dev.o)
 .text.romfsMountFromFile
                0x00109c6c      0x28c C:/devkitPro/libctru/lib\libctru.a(romfs_dev.o)
                0x00109c6c                romfsMountFromFile
 .text.romfsMountFromCurrentProcess
                0x00109ef8       0x98 C:/devkitPro/libctru/lib\libctru.a(romfs_dev.o)
                0x00109ef8                romfsMountFromCurrentProcess
 .text.romfsMountSelf
                0x00109f90      0x260 C:/devkitPro/libctru/lib\libctru.a(romfs_dev.o)
                0x00109f90                romfsMountSelf
 .text.romfsUnmount
                0x0010a1f0       0xa0 C:/devkitPro/libctru/lib\libctru.a(romfs_dev.o)
                0x0010a1f0                romfsUnmount
 .text.osConvertVirtToPhys
                0x0010a290       0x74 C:/devkitPro/libctru/lib\libctru.a(os.o)
                0x0010a290                osConvertVirtToPhys
 .text.osGetTimeRef
                0x0010a304       0x54 C:/devkitPro/libctru/lib\libctru.a(os.o)
                0x0010a304                osGetTimeRef
 .text.osGetTime
                0x0010a358       0xec C:/devkitPro/libctru/lib\libctru.a(os.o)
                0x0010a358                osGetTime
 *fill*         0x0010a444        0x4 
 .text.osTickCounterRead
                0x0010a448       0x38 C:/devkitPro/libctru/lib\libctru.a(os.o)
                0x0010a448                osTickCounterRead
 .text.__ctru_speedup_config
                0x0010a480       0x34 C:/devkitPro/libctru/lib\libctru.a(os.o)
                0x0010a480                __ctru_speedup_config
 .text.parseColor
                0x0010a4b4      0x1e8 C:/devkitPro/libctru/lib\libctru.a(console.o)
 .text.consoleDrawChar
                0x0010a69c      0x1ac C:/devkitPro/libctru/lib\libctru.a(console.o)
                0x0010a69c                consoleDrawChar
 .text.consolePrintChar
                0x0010a848      0x124 C:/devkitPro/libctru/lib\libctru.a(console.o)
                0x0010a848                consolePrintChar
 .text.con_write
                0x0010a96c      0xb94 C:/devkitPro/libctru/lib\libctru.a(console.o)
                0x0010a96c                con_write
 .text.newRow   0x0010b500       0xfc C:/devkitPro/libctru/lib\libctru.a(console.o)
 .text.consoleInit
                0x0010b5fc      0x170 C:/devkitPro/libctru/lib\libctru.a(console.o)
                0x0010b5fc                consoleInit
 .text.fontEnsureMapped
                0x0010b76c       0x94 C:/devkitPro/libctru/lib\libctru.a(font.o)
                0x0010b76c                fontEnsureMapped
 .text.fontFixPointers
                0x0010b800       0x7c C:/devkitPro/libctru/lib\libctru.a(font.o)
                0x0010b800                fontFixPointers
 .text.fontGlyphIndexFromCodePoint
                0x0010b87c      0x100 C:/devkitPro/libctru/lib\libctru.a(font.o)
                0x0010b87c                fontGlyphIndexFromCodePoint
 .text.fontCalcGlyphPos
                0x0010b97c      0x1ec C:/devkitPro/libctru/lib\libctru.a(font.o)
                0x0010b97c                fontCalcGlyphPos
 .text.gfxPresentFramebuffer
                0x0010bb68       0xd0 C:/devkitPro/libctru/lib\libctru.a(gfx.o)
 .text.gfxIsWide
                0x0010bc38       0x1c C:/devkitPro/libctru/lib\libctru.a(gfx.o)
                0x0010bc38                gfxIsWide
 .text.gfxSetScreenFormat
                0x0010bc54       0xec C:/devkitPro/libctru/lib\libctru.a(gfx.o)
                0x0010bc54                gfxSetScreenFormat
 .text.gfxSetDoubleBuffering
                0x0010bd40       0x10 C:/devkitPro/libctru/lib\libctru.a(gfx.o)
                0x0010bd40                gfxSetDoubleBuffering
 .text.gfxInit  0x0010bd50       0xe0 C:/devkitPro/libctru/lib\libctru.a(gfx.o)
                0x0010bd50                gfxInit
 .text.gfxInitDefault
                0x0010be30       0x10 C:/devkitPro/libctru/lib\libctru.a(gfx.o)
                0x0010be30                gfxInitDefault
 .text.gfxExit  0x0010be40       0xb4 C:/devkitPro/libctru/lib\libctru.a(gfx.o)
                0x0010be40                gfxExit
 .text.gfxGetFramebuffer
                0x0010bef4       0xa0 C:/devkitPro/libctru/lib\libctru.a(gfx.o)
                0x0010bef4                gfxGetFramebuffer
 .text.gfxFlushBuffers
                0x0010bf94      0x104 C:/devkitPro/libctru/lib\libctru.a(gfx.o)
                0x0010bf94                gfxFlushBuffers
 .text.gfxScreenSwapBuffers
                0x0010c098       0x30 C:/devkitPro/libctru/lib\libctru.a(gfx.o)
                0x0010c098                gfxScreenSwapBuffers
 .text.gfxSwapBuffersGpu
                0x0010c0c8       0x50 C:/devkitPro/libctru/lib\libctru.a(gfx.o)
                0x0010c0c8                gfxSwapBuffersGpu
 .text.shaderInstanceInit
                0x0010c118      0x1d4 C:/devkitPro/libctru/lib\libctru.a(shaderProgram.o)
                0x0010c118                shaderInstanceInit
 .text.shaderInstanceGetUniformLocation
                0x0010c2ec       0x18 C:/devkitPro/libctru/lib\libctru.a(shaderProgram.o)
                0x0010c2ec                shaderInstanceGetUniformLocation
 .text.shaderProgramInit
                0x0010c304       0x1c C:/devkitPro/libctru/lib\libctru.a(shaderProgram.o)
                0x0010c304                shaderProgramInit
 .text.shaderProgramFree
                0x0010c320       0x64 C:/devkitPro/libctru/lib\libctru.a(shaderProgram.o)
                0x0010c320                shaderProgramFree
 .text.shaderProgramSetVsh
                0x0010c384       0x80 C:/devkitPro/libctru/lib\libctru.a(shaderProgram.o)
                0x0010c384                shaderProgramSetVsh
 .text.shaderProgramConfigure
                0x0010c404      0x8e0 C:/devkitPro/libctru/lib\libctru.a(shaderProgram.o)
                0x0010c404                shaderProgramConfigure
 .text.DVLE_GenerateOutmap.part.0
                0x0010cce4      0x1cc C:/devkitPro/libctru/lib\libctru.a(shbin.o)
 .text.DVLB_ParseFile
                0x0010ceb0      0x1b4 C:/devkitPro/libctru/lib\libctru.a(shbin.o)
                0x0010ceb0                DVLB_ParseFile
 .text.DVLB_Free
                0x0010d064       0x38 C:/devkitPro/libctru/lib\libctru.a(shbin.o)
                0x0010d064                DVLB_Free
 .text.DVLE_GetUniformRegister
                0x0010d09c       0x74 C:/devkitPro/libctru/lib\libctru.a(shbin.o)
                0x0010d09c                DVLE_GetUniformRegister
 .text.GX_BindQueue
                0x0010d110       0x10 C:/devkitPro/libctru/lib\libctru.a(gx.o)
                0x0010d110                GX_BindQueue
 .text.GX_ProcessCommandList
                0x0010d120       0x78 C:/devkitPro/libctru/lib\libctru.a(gx.o)
                0x0010d120                GX_ProcessCommandList
 .text.GX_MemoryFill
                0x0010d198       0x74 C:/devkitPro/libctru/lib\libctru.a(gx.o)
                0x0010d198                GX_MemoryFill
 .text.GX_DisplayTransfer
                0x0010d20c       0x70 C:/devkitPro/libctru/lib\libctru.a(gx.o)
                0x0010d20c                GX_DisplayTransfer
 .text.GX_TextureCopy
                0x0010d27c       0x74 C:/devkitPro/libctru/lib\libctru.a(gx.o)
                0x0010d27c                GX_TextureCopy
 .text.gxCmdQueueDoCommands.part.0
                0x0010d2f0       0x68 C:/devkitPro/libctru/lib\libctru.a(gxqueue.o)
 .text.gxCmdQueueInterrupt
                0x0010d358       0xc8 C:/devkitPro/libctru/lib\libctru.a(gxqueue.o)
                0x0010d358                gxCmdQueueInterrupt
 .text.gxCmdQueueClear
                0x0010d420       0x4c C:/devkitPro/libctru/lib\libctru.a(gxqueue.o)
                0x0010d420                gxCmdQueueClear
 .text.gxCmdQueueAdd
                0x0010d46c       0xf8 C:/devkitPro/libctru/lib\libctru.a(gxqueue.o)
                0x0010d46c                gxCmdQueueAdd
 .text.gxCmdQueueRun
                0x0010d564       0x80 C:/devkitPro/libctru/lib\libctru.a(gxqueue.o)
                0x0010d564                gxCmdQueueRun
 .text.gxCmdQueueStop
                0x0010d5e4       0x60 C:/devkitPro/libctru/lib\libctru.a(gxqueue.o)
                0x0010d5e4                gxCmdQueueStop
 .text.gxCmdQueueWait
                0x0010d644       0x74 C:/devkitPro/libctru/lib\libctru.a(gxqueue.o)
                0x0010d644                gxCmdQueueWait
 .text.GPUCMD_Add
                0x0010d6b8      0x13c C:/devkitPro/libctru/lib\libctru.a(gpu.o)
                0x0010d6b8                GPUCMD_Add
 .text.GPUCMD_Split
                0x0010d7f4       0xb0 C:/devkitPro/libctru/lib\libctru.a(gpu.o)
                0x0010d7f4                GPUCMD_Split
 .text.f32tof16
                0x0010d8a4       0x34 C:/devkitPro/libctru/lib\libctru.a(gpu.o)
                0x0010d8a4                f32tof16
 .text.f32tof24
                0x0010d8d8       0x34 C:/devkitPro/libctru/lib\libctru.a(gpu.o)
                0x0010d8d8                f32tof24
 .text.f32tof31
                0x0010d90c       0x38 C:/devkitPro/libctru/lib\libctru.a(gpu.o)
                0x0010d90c                f32tof31
 .text.cfguInit
                0x0010d944       0xa4 C:/devkitPro/libctru/lib\libctru.a(cfgu.o)
                0x0010d944                cfguInit
 .text.cfguExit
                0x0010d9e8       0x3c C:/devkitPro/libctru/lib\libctru.a(cfgu.o)
                0x0010d9e8                cfguExit
 .text.gspHardwareInit
                0x0010da24      0xc58 C:/devkitPro/libctru/lib\libctru.a(gspgpu.o)
 .text.gspInit  0x0010e67c      0x248 C:/devkitPro/libctru/lib\libctru.a(gspgpu.o)
                0x0010e67c                gspInit
 .text.gspExit  0x0010e8c4       0xf0 C:/devkitPro/libctru/lib\libctru.a(gspgpu.o)
                0x0010e8c4                gspExit
 .text.gspHasGpuRight
                0x0010e9b4       0x10 C:/devkitPro/libctru/lib\libctru.a(gspgpu.o)
                0x0010e9b4                gspHasGpuRight
 .text.gspPresentBuffer
                0x0010e9c4       0xa0 C:/devkitPro/libctru/lib\libctru.a(gspgpu.o)
                0x0010e9c4                gspPresentBuffer
 .text.gspSetEventCallback
                0x0010ea64       0x30 C:/devkitPro/libctru/lib\libctru.a(gspgpu.o)
                0x0010ea64                gspSetEventCallback
 .text.gspWaitForEvent
                0x0010ea94       0x44 C:/devkitPro/libctru/lib\libctru.a(gspgpu.o)
                0x0010ea94                gspWaitForEvent
 .text.gspWaitForAnyEvent
                0x0010ead8       0x4c C:/devkitPro/libctru/lib\libctru.a(gspgpu.o)
                0x0010ead8                gspWaitForAnyEvent
 .text.gspEventThreadMain
                0x0010eb24      0x158 C:/devkitPro/libctru/lib\libctru.a(gspgpu.o)
 .text.gspSubmitGxCommand
                0x0010ec7c      0x130 C:/devkitPro/libctru/lib\libctru.a(gspgpu.o)
                0x0010ec7c                gspSubmitGxCommand
 .text.GSPGPU_FlushDataCache
                0x0010edac       0x50 C:/devkitPro/libctru/lib\libctru.a(gspgpu.o)
                0x0010edac                GSPGPU_FlushDataCache
 .text.GSPGPU_SetLcdForceBlack
                0x0010edfc       0x34 C:/devkitPro/libctru/lib\libctru.a(gspgpu.o)
                0x0010edfc                GSPGPU_SetLcdForceBlack
 .text.GSPGPU_AcquireRight
                0x0010ee30       0x68 C:/devkitPro/libctru/lib\libctru.a(gspgpu.o)
                0x0010ee30                GSPGPU_AcquireRight
 .text.GSPGPU_ReleaseRight
                0x0010ee98       0x48 C:/devkitPro/libctru/lib\libctru.a(gspgpu.o)
                0x0010ee98                GSPGPU_ReleaseRight
 .text.GSPGPU_ImportDisplayCaptureInfo
                0x0010eee0       0x7c C:/devkitPro/libctru/lib\libctru.a(gspgpu.o)
                0x0010eee0                GSPGPU_ImportDisplayCaptureInfo
 .text.GSPGPU_SaveVramSysArea
                0x0010ef5c       0x2c C:/devkitPro/libctru/lib\libctru.a(gspgpu.o)
                0x0010ef5c                GSPGPU_SaveVramSysArea
 .text.GSPGPU_RestoreVramSysArea
                0x0010ef88       0x2c C:/devkitPro/libctru/lib\libctru.a(gspgpu.o)
                0x0010ef88                GSPGPU_RestoreVramSysArea
 .text.hidShouldUseIrrst
                0x0010efb4       0x24 C:/devkitPro/libctru/lib\libctru.a(hid.o)
                0x0010efb4                hidShouldUseIrrst
 .text.hidInit  0x0010efd8      0x18c C:/devkitPro/libctru/lib\libctru.a(hid.o)
                0x0010efd8                hidInit
 .text.hidExit  0x0010f164       0xe8 C:/devkitPro/libctru/lib\libctru.a(hid.o)
                0x0010f164                hidExit
 .text.hidScanInput
                0x0010f24c      0x2a4 C:/devkitPro/libctru/lib\libctru.a(hid.o)
                0x0010f24c                hidScanInput
 .text.hidKeysHeld
                0x0010f4f0       0x10 C:/devkitPro/libctru/lib\libctru.a(hid.o)
                0x0010f4f0                hidKeysHeld
 .text.hidKeysDown
                0x0010f500       0x10 C:/devkitPro/libctru/lib\libctru.a(hid.o)
                0x0010f500                hidKeysDown
 .text.aptConvertScreenForCapture
                0x0010f510      0x1a4 C:/devkitPro/libctru/lib\libctru.a(apt.o)
 .text.aptDspSleep
                0x0010f6b4        0x8 C:/devkitPro/libctru/lib\libctru.a(apt.o)
                0x0010f6b4                aptDspSleep
 .text.aptDspWakeup
                0x0010f6bc        0x4 C:/devkitPro/libctru/lib\libctru.a(apt.o)
                0x0010f6bc                aptDspWakeup
 .text.aptDspCancel
                0x0010f6c0        0x4 C:/devkitPro/libctru/lib\libctru.a(apt.o)
                0x0010f6c0                aptDspCancel
 .text.aptSendCommand
                0x0010f6c4      0x158 C:/devkitPro/libctru/lib\libctru.a(apt.o)
                0x0010f6c4                aptSendCommand
 *fill*         0x0010f81c        0x4 
 .text.aptExitProcess
                0x0010f820       0x44 C:/devkitPro/libctru/lib\libctru.a(apt.o)
 .text.aptExit  0x0010f864      0x38c C:/devkitPro/libctru/lib\libctru.a(apt.o)
                0x0010f864                aptExit
 .text.aptHandleSleep
                0x0010fbf0       0xe0 C:/devkitPro/libctru/lib\libctru.a(apt.o)
                0x0010fbf0                aptHandleSleep
 .text.aptHook  0x0010fcd0       0x30 C:/devkitPro/libctru/lib\libctru.a(apt.o)
                0x0010fcd0                aptHook
 .text.aptUnhook
                0x0010fd00       0x30 C:/devkitPro/libctru/lib\libctru.a(apt.o)
                0x0010fd00                aptUnhook
 .text.APT_SleepIfShellClosed
                0x0010fd30       0x84 C:/devkitPro/libctru/lib\libctru.a(apt.o)
                0x0010fd30                APT_SleepIfShellClosed
 .text.aptSetSleepAllowed
                0x0010fdb4       0x84 C:/devkitPro/libctru/lib\libctru.a(apt.o)
                0x0010fdb4                aptSetSleepAllowed
 .text.APT_UnlockTransition
                0x0010fe38       0x84 C:/devkitPro/libctru/lib\libctru.a(apt.o)
                0x0010fe38                APT_UnlockTransition
 *fill*         0x0010febc        0x4 
 .text.aptEventHandler
                0x0010fec0      0x4a4 C:/devkitPro/libctru/lib\libctru.a(apt.o)
 .text.APT_ReceiveParameter
                0x00110364       0xb0 C:/devkitPro/libctru/lib\libctru.a(apt.o)
                0x00110364                APT_ReceiveParameter
 .text.aptReceiveParameter.constprop.0
                0x00110414       0xb0 C:/devkitPro/libctru/lib\libctru.a(apt.o)
 *fill*         0x001104c4        0x4 
 .text.aptScreenTransfer
                0x001104c8      0x2ac C:/devkitPro/libctru/lib\libctru.a(apt.o)
 .text.aptWaitForWakeUp.isra.0
                0x00110774      0x344 C:/devkitPro/libctru/lib\libctru.a(apt.o)
 .text.aptJumpToHomeMenu
                0x00110ab8      0x100 C:/devkitPro/libctru/lib\libctru.a(apt.o)
                0x00110ab8                aptJumpToHomeMenu
 .text.aptMainLoop
                0x00110bb8       0x48 C:/devkitPro/libctru/lib\libctru.a(apt.o)
                0x00110bb8                aptMainLoop
 .text.aptInit  0x00110c00      0x22c C:/devkitPro/libctru/lib\libctru.a(apt.o)
                0x00110c00                aptInit
 .text.APT_CheckNew3DS
                0x00110e2c       0x7c C:/devkitPro/libctru/lib\libctru.a(apt.o)
                0x00110e2c                APT_CheckNew3DS
 .text.APT_GetSharedFont
                0x00110ea8       0x48 C:/devkitPro/libctru/lib\libctru.a(apt.o)
                0x00110ea8                APT_GetSharedFont
 .text.ptmSysmInit
                0x00110ef0       0x74 C:/devkitPro/libctru/lib\libctru.a(ptmsysm.o)
                0x00110ef0                ptmSysmInit
 .text.ptmSysmExit
                0x00110f64       0x3c C:/devkitPro/libctru/lib\libctru.a(ptmsysm.o)
                0x00110f64                ptmSysmExit
 .text.PTMSYSM_ConfigureNew3DSCPU
                0x00110fa0       0x34 C:/devkitPro/libctru/lib\libctru.a(ptmsysm.o)
                0x00110fa0                PTMSYSM_ConfigureNew3DSCPU
 .text.fsInit   0x00110fd4       0xcc C:/devkitPro/libctru/lib\libctru.a(fs.o)
                0x00110fd4                fsInit
 .text.fsExit   0x001110a0       0x3c C:/devkitPro/libctru/lib\libctru.a(fs.o)
                0x001110a0                fsExit
 .text.fsExemptFromSession
                0x001110dc       0x60 C:/devkitPro/libctru/lib\libctru.a(fs.o)
                0x001110dc                fsExemptFromSession
 .text.fsUnexemptFromSession
                0x0011113c       0x50 C:/devkitPro/libctru/lib\libctru.a(fs.o)
                0x0011113c                fsUnexemptFromSession
 .text.FSUSER_OpenFile
                0x0011118c       0xcc C:/devkitPro/libctru/lib\libctru.a(fs.o)
                0x0011118c                FSUSER_OpenFile
 .text.FSUSER_OpenFileDirectly
                0x00111258       0xd4 C:/devkitPro/libctru/lib\libctru.a(fs.o)
                0x00111258                FSUSER_OpenFileDirectly
 .text.FSUSER_DeleteFile
                0x0011132c       0xbc C:/devkitPro/libctru/lib\libctru.a(fs.o)
                0x0011132c                FSUSER_DeleteFile
 .text.FSUSER_RenameFile
                0x001113e8       0xf8 C:/devkitPro/libctru/lib\libctru.a(fs.o)
                0x001113e8                FSUSER_RenameFile
 .text.FSUSER_DeleteDirectory
                0x001114e0       0xbc C:/devkitPro/libctru/lib\libctru.a(fs.o)
                0x001114e0                FSUSER_DeleteDirectory
 .text.FSUSER_CreateFile
                0x0011159c       0xd4 C:/devkitPro/libctru/lib\libctru.a(fs.o)
                0x0011159c                FSUSER_CreateFile
 .text.FSUSER_CreateDirectory
                0x00111670       0xc4 C:/devkitPro/libctru/lib\libctru.a(fs.o)
                0x00111670                FSUSER_CreateDirectory
 .text.FSUSER_RenameDirectory
                0x00111734       0xf8 C:/devkitPro/libctru/lib\libctru.a(fs.o)
                0x00111734                FSUSER_RenameDirectory
 .text.FSUSER_OpenDirectory
                0x0011182c       0xb4 C:/devkitPro/libctru/lib\libctru.a(fs.o)
                0x0011182c                FSUSER_OpenDirectory
 .text.FSUSER_OpenArchive
                0x001118e0       0x98 C:/devkitPro/libctru/lib\libctru.a(fs.o)
                0x001118e0                FSUSER_OpenArchive
 .text.FSUSER_CloseArchive
                0x00111978       0x8c C:/devkitPro/libctru/lib\libctru.a(fs.o)
                0x00111978                FSUSER_CloseArchive
 .text.FSUSER_GetSdmcArchiveResource
                0x00111a04       0x74 C:/devkitPro/libctru/lib\libctru.a(fs.o)
                0x00111a04                FSUSER_GetSdmcArchiveResource
 .text.FSUSER_IsSdmcWritable
                0x00111a78       0x64 C:/devkitPro/libctru/lib\libctru.a(fs.o)
                0x00111a78                FSUSER_IsSdmcWritable
 .text.FSFILE_Read
                0x00111adc       0x58 C:/devkitPro/libctru/lib\libctru.a(fs.o)
                0x00111adc                FSFILE_Read
 .text.FSFILE_Write
                0x00111b34       0x60 C:/devkitPro/libctru/lib\libctru.a(fs.o)
                0x00111b34                FSFILE_Write
 .text.FSFILE_GetSize
                0x00111b94       0x3c C:/devkitPro/libctru/lib\libctru.a(fs.o)
                0x00111b94                FSFILE_GetSize
 .text.FSFILE_SetSize
                0x00111bd0       0x28 C:/devkitPro/libctru/lib\libctru.a(fs.o)
                0x00111bd0                FSFILE_SetSize
 .text.FSFILE_Close
                0x00111bf8       0x3c C:/devkitPro/libctru/lib\libctru.a(fs.o)
                0x00111bf8                FSFILE_Close
 .text.FSFILE_Flush
                0x00111c34       0x24 C:/devkitPro/libctru/lib\libctru.a(fs.o)
                0x00111c34                FSFILE_Flush
 .text.FSDIR_Read
                0x00111c58       0x50 C:/devkitPro/libctru/lib\libctru.a(fs.o)
                0x00111c58                FSDIR_Read
 .text.FSDIR_Close
                0x00111ca8       0x3c C:/devkitPro/libctru/lib\libctru.a(fs.o)
                0x00111ca8                FSDIR_Close
 .text.buffer_read
                0x00111ce4       0xc4 C:/devkitPro/libctru/lib\libctru.a(decompress.o)
 .text.iov_read
                0x00111da8       0xd0 C:/devkitPro/libctru/lib\libctru.a(decompress.o)
 .text.iov_memmove
                0x00111e78      0x138 C:/devkitPro/libctru/lib\libctru.a(decompress.o)
 .text.decompress_rle
                0x00111fb0      0x1dc C:/devkitPro/libctru/lib\libctru.a(decompress.o)
 .text.decompress_lzss
                0x0011218c      0x244 C:/devkitPro/libctru/lib\libctru.a(decompress.o)
 .text.decompress_lz11
                0x001123d0      0x424 C:/devkitPro/libctru/lib\libctru.a(decompress.o)
 .text.decompress_huff
                0x001127f4      0x2d8 C:/devkitPro/libctru/lib\libctru.a(decompress.o)
 .text.decompressCallback_Stdio
                0x00112acc       0x10 C:/devkitPro/libctru/lib\libctru.a(decompress.o)
                0x00112acc                decompressCallback_Stdio
 .text.decompressHeader
                0x00112adc       0xdc C:/devkitPro/libctru/lib\libctru.a(decompress.o)
                0x00112adc                decompressHeader
 .text.decompressV
                0x00112bb8      0x240 C:/devkitPro/libctru/lib\libctru.a(decompress.o)
                0x00112bb8                decompressV
 .text.rbtree_init
                0x00112df8       0x10 C:/devkitPro/libctru/lib\libctru.a(rbtree_init.o)
                0x00112df8                rbtree_init
 .text.do_insert
                0x00112e08      0x1b4 C:/devkitPro/libctru/lib\libctru.a(rbtree_insert.o)
 .text.rbtree_insert
                0x00112fbc        0x8 C:/devkitPro/libctru/lib\libctru.a(rbtree_insert.o)
                0x00112fbc                rbtree_insert
 .text.rbtree_rotate
                0x00112fc4       0x90 C:/devkitPro/libctru/lib\libctru.a(rbtree_rotate.o)
                0x00112fc4                rbtree_rotate
 .text.rbtree_remove
                0x00113054      0x318 C:/devkitPro/libctru/lib\libctru.a(rbtree_remove.o)
                0x00113054                rbtree_remove
 .text.rbtree_find
                0x0011336c       0x74 C:/devkitPro/libctru/lib\libctru.a(rbtree_find.o)
                0x0011336c                rbtree_find
 .text.utf8_to_utf16
                0x001133e0       0xc0 C:/devkitPro/libctru/lib\libctru.a(utf8_to_utf16.o)
                0x001133e0                utf8_to_utf16
 .text.decode_utf8
                0x001134a0      0x13c C:/devkitPro/libctru/lib\libctru.a(decode_utf8.o)
                0x001134a0                decode_utf8
 .text.utf16_to_utf8
                0x001135dc       0xe8 C:/devkitPro/libctru/lib\libctru.a(utf16_to_utf8.o)
                0x001135dc                utf16_to_utf8
 *fill*         0x001136c4        0x4 
 .text.__system_allocateHeaps
                0x001136c8      0x1e0 C:/devkitPro/libctru/lib\libctru.a(allocateHeaps.o)
                0x001136c8                __system_allocateHeaps
 .text.__libctru_init
                0x001138a8       0x38 C:/devkitPro/libctru/lib\libctru.a(ctru_init.o)
                0x001138a8                __libctru_init
 .text.__system_initArgv
                0x001138e0      0x170 C:/devkitPro/libctru/lib\libctru.a(initArgv.o)
                0x001138e0                __system_initArgv
 .text.svcControlMemory
                0x00113a50       0x20 C:/devkitPro/libctru/lib\libctru.a(svc.o)
                0x00113a50                svcControlMemory
 .text.svcQueryMemory
                0x00113a70       0x30 C:/devkitPro/libctru/lib\libctru.a(svc.o)
                0x00113a70                svcQueryMemory
 .text.svcExitProcess
                0x00113aa0        0x8 C:/devkitPro/libctru/lib\libctru.a(svc.o)
                0x00113aa0                svcExitProcess
 .text.svcCreateThread
                0x00113aa8       0x20 C:/devkitPro/libctru/lib\libctru.a(svc.o)
                0x00113aa8                svcCreateThread
 .text.svcExitThread
                0x00113ac8        0x8 C:/devkitPro/libctru/lib\libctru.a(svc.o)
                0x00113ac8                svcExitThread
 .text.svcSleepThread
                0x00113ad0        0x8 C:/devkitPro/libctru/lib\libctru.a(svc.o)
                0x00113ad0                svcSleepThread
 .text.svcReleaseMutex
                0x00113ad8        0x8 C:/devkitPro/libctru/lib\libctru.a(svc.o)
                0x00113ad8                svcReleaseMutex
 .text.svcCreateEvent
                0x00113ae0       0x14 C:/devkitPro/libctru/lib\libctru.a(svc.o)
                0x00113ae0                svcCreateEvent
 .text.svcSignalEvent
                0x00113af4        0x8 C:/devkitPro/libctru/lib\libctru.a(svc.o)
                0x00113af4                svcSignalEvent
 .text.svcClearEvent
                0x00113afc        0x8 C:/devkitPro/libctru/lib\libctru.a(svc.o)
                0x00113afc                svcClearEvent
 .text.svcMapMemoryBlock
                0x00113b04        0x8 C:/devkitPro/libctru/lib\libctru.a(svc.o)
                0x00113b04                svcMapMemoryBlock
 .text.svcUnmapMemoryBlock
                0x00113b0c        0x8 C:/devkitPro/libctru/lib\libctru.a(svc.o)
                0x00113b0c                svcUnmapMemoryBlock
 .text.svcCreateAddressArbiter
                0x00113b14       0x14 C:/devkitPro/libctru/lib\libctru.a(svc.o)
                0x00113b14                svcCreateAddressArbiter
 .text.svcArbitrateAddressNoTimeout
                0x00113b28        0x8 C:/devkitPro/libctru/lib\libctru.a(svc.o)
                0x00113b28                svcArbitrateAddressNoTimeout
 .text.svcCloseHandle
                0x00113b30        0x8 C:/devkitPro/libctru/lib\libctru.a(svc.o)
                0x00113b30                svcCloseHandle
 .text.svcWaitSynchronization
                0x00113b38        0x8 C:/devkitPro/libctru/lib\libctru.a(svc.o)
                0x00113b38                svcWaitSynchronization
 .text.svcWaitSynchronizationN
                0x00113b40       0x28 C:/devkitPro/libctru/lib\libctru.a(svc.o)
                0x00113b40                svcWaitSynchronizationN
 .text.svcDuplicateHandle
                0x00113b68       0x14 C:/devkitPro/libctru/lib\libctru.a(svc.o)
                0x00113b68                svcDuplicateHandle
 .text.svcGetSystemTick
                0x00113b7c        0x8 C:/devkitPro/libctru/lib\libctru.a(svc.o)
                0x00113b7c                svcGetSystemTick
 .text.svcConnectToPort
                0x00113b84       0x14 C:/devkitPro/libctru/lib\libctru.a(svc.o)
                0x00113b84                svcConnectToPort
 .text.svcSendSyncRequest
                0x00113b98        0x8 C:/devkitPro/libctru/lib\libctru.a(svc.o)
                0x00113b98                svcSendSyncRequest
 .text.svcGetResourceLimit
                0x00113ba0       0x14 C:/devkitPro/libctru/lib\libctru.a(svc.o)
                0x00113ba0                svcGetResourceLimit
 .text.svcGetResourceLimitLimitValues
                0x00113bb4        0x8 C:/devkitPro/libctru/lib\libctru.a(svc.o)
                0x00113bb4                svcGetResourceLimitLimitValues
 .text.svcGetResourceLimitCurrentValues
                0x00113bbc        0x8 C:/devkitPro/libctru/lib\libctru.a(svc.o)
                0x00113bbc                svcGetResourceLimitCurrentValues
 .text.svcBreak
                0x00113bc4        0x8 C:/devkitPro/libctru/lib\libctru.a(svc.o)
                0x00113bc4                svcBreak
 .text.initSystem
                0x00113bcc       0x50 C:/devkitPro/libctru/lib\libctru.a(stack_adjust.o)
                0x00113bcc                initSystem
 .text.__ctru_exit
                0x00113c1c       0x18 C:/devkitPro/libctru/lib\libctru.a(stack_adjust.o)
                0x00113c1c                __ctru_exit
 .text.__aeabi_read_tp
                0x00113c34        0xc C:/devkitPro/libctru/lib\libctru.a(readtp.o)
                0x00113c34                __aeabi_read_tp
 .text.envGetHandle
                0x00113c40       0x84 C:/devkitPro/libctru/lib\libctru.a(env.o)
                0x00113c40                envGetHandle
 .text.envDestroyHandles
                0x00113cc4       0x50 C:/devkitPro/libctru/lib\libctru.a(env.o)
                0x00113cc4                envDestroyHandles
 .text.__sync_init
                0x00113d14        0xc C:/devkitPro/libctru/lib\libctru.a(synchronization.o)
                0x00113d14                __sync_init
 .text.__sync_fini
                0x00113d20       0x18 C:/devkitPro/libctru/lib\libctru.a(synchronization.o)
                0x00113d20                __sync_fini
 .text.syncArbitrateAddress
                0x00113d38       0x2c C:/devkitPro/libctru/lib\libctru.a(synchronization.o)
                0x00113d38                syncArbitrateAddress
 .text.LightLock_Lock
                0x00113d64       0xb0 C:/devkitPro/libctru/lib\libctru.a(synchronization.o)
                0x00113d64                LightLock_Lock
 .text.LightLock_Unlock
                0x00113e14       0x40 C:/devkitPro/libctru/lib\libctru.a(synchronization.o)
                0x00113e14                LightLock_Unlock
 .text.RecursiveLock_Lock
                0x00113e54       0x30 C:/devkitPro/libctru/lib\libctru.a(synchronization.o)
                0x00113e54                RecursiveLock_Lock
 .text.RecursiveLock_Unlock
                0x00113e84       0x54 C:/devkitPro/libctru/lib\libctru.a(synchronization.o)
                0x00113e84                RecursiveLock_Unlock
 .text.LightEvent_Init
                0x00113ed8       0x40 C:/devkitPro/libctru/lib\libctru.a(synchronization.o)
                0x00113ed8                LightEvent_Init
 .text.LightEvent_Clear
                0x00113f18       0xa4 C:/devkitPro/libctru/lib\libctru.a(synchronization.o)
                0x00113f18                LightEvent_Clear
 .text.LightEvent_Signal
                0x00113fbc       0xc8 C:/devkitPro/libctru/lib\libctru.a(synchronization.o)
                0x00113fbc                LightEvent_Signal
 .text.LightEvent_TryWait
                0x00114084       0x50 C:/devkitPro/libctru/lib\libctru.a(synchronization.o)
                0x00114084                LightEvent_TryWait
 .text.LightEvent_Wait
                0x001140d4       0xb0 C:/devkitPro/libctru/lib\libctru.a(synchronization.o)
                0x001140d4                LightEvent_Wait
 .text.srvInit  0x00114184      0x130 C:/devkitPro/libctru/lib\libctru.a(srv.o)
                0x00114184                srvInit
 .text.srvExit  0x001142b4       0x58 C:/devkitPro/libctru/lib\libctru.a(srv.o)
                0x001142b4                srvExit
 .text.srvEnableNotification
                0x0011430c       0x60 C:/devkitPro/libctru/lib\libctru.a(srv.o)
                0x0011430c                srvEnableNotification
 .text.srvGetServiceHandleDirect
                0x0011436c       0xa0 C:/devkitPro/libctru/lib\libctru.a(srv.o)
                0x0011436c                srvGetServiceHandleDirect
 .text.srvGetServiceHandle
                0x0011440c       0x38 C:/devkitPro/libctru/lib\libctru.a(srv.o)
                0x0011440c                srvGetServiceHandle
 .text.srvSubscribe
                0x00114444       0x34 C:/devkitPro/libctru/lib\libctru.a(srv.o)
                0x00114444                srvSubscribe
 .text.srvReceiveNotification
                0x00114478       0x60 C:/devkitPro/libctru/lib\libctru.a(srv.o)
                0x00114478                srvReceiveNotification
 .text.srvPublishToSubscriber
                0x001144d8       0x38 C:/devkitPro/libctru/lib\libctru.a(srv.o)
                0x001144d8                srvPublishToSubscriber
 .text.threadCreate
                0x00114510      0x1d4 C:/devkitPro/libctru/lib\libctru.a(thread.o)
                0x00114510                threadCreate
 .text.threadFree
                0x001146e4       0x2c C:/devkitPro/libctru/lib\libctru.a(thread.o)
                0x001146e4                threadFree
 .text.threadJoin
                0x00114710       0x24 C:/devkitPro/libctru/lib\libctru.a(thread.o)
                0x00114710                threadJoin
 .text.threadGetCurrent
                0x00114734       0x30 C:/devkitPro/libctru/lib\libctru.a(thread.o)
                0x00114734                threadGetCurrent
 .text.threadExit
                0x00114764       0x40 C:/devkitPro/libctru/lib\libctru.a(thread.o)
                0x00114764                threadExit
 .text._thread_begin
                0x001147a4       0x20 C:/devkitPro/libctru/lib\libctru.a(thread.o)
 .text.mappableFindAddressWithin
                0x001147c4       0xb4 C:/devkitPro/libctru/lib\libctru.a(mappable.o)
 .text.mappableInit
                0x00114878       0x28 C:/devkitPro/libctru/lib\libctru.a(mappable.o)
                0x00114878                mappableInit
 .text.mappableAlloc
                0x001148a0       0x80 C:/devkitPro/libctru/lib\libctru.a(mappable.o)
                0x001148a0                mappableAlloc
 .text.mappableFree
                0x00114920        0x4 C:/devkitPro/libctru/lib\libctru.a(mappable.o)
                0x00114920                mappableFree
 .text.irrstInit
                0x00114924      0x164 C:/devkitPro/libctru/lib\libctru.a(irrst.o)
                0x00114924                irrstInit
 .text.irrstExit
                0x00114a88       0xcc C:/devkitPro/libctru/lib\libctru.a(irrst.o)
                0x00114a88                irrstExit
 .text.irrstScanInput
                0x00114b54       0xb4 C:/devkitPro/libctru/lib\libctru.a(irrst.o)
                0x00114b54                irrstScanInput
 .text.irrstKeysHeld
                0x00114c08       0x24 C:/devkitPro/libctru/lib\libctru.a(irrst.o)
                0x00114c08                irrstKeysHeld
 .text.srvPmGetSessionHandle
                0x00114c2c        0xc C:/devkitPro/libctru/lib\libctru.a(srvpm.o)
                0x00114c2c                srvPmGetSessionHandle
 .text.rbtree_node_next
                0x00114c38       0x5c C:/devkitPro/libctru/lib\libctru.a(rbtree_iterator.o)
                0x00114c38                rbtree_node_next
 .text.encode_utf16
                0x00114c94       0x54 C:/devkitPro/libctru/lib\libctru.a(encode_utf16.o)
                0x00114c94                encode_utf16
 .text.encode_utf8
                0x00114ce8       0xe0 C:/devkitPro/libctru/lib\libctru.a(encode_utf8.o)
                0x00114ce8                encode_utf8
 .text.decode_utf16
                0x00114dc8       0x64 C:/devkitPro/libctru/lib\libctru.a(decode_utf16.o)
                0x00114dc8                decode_utf16
 .text.__appInit
                0x00114e2c       0x30 C:/devkitPro/libctru/lib\libctru.a(appInit.o)
                0x00114e2c                __appInit
 .text.__syscall_getreent
                0x00114e5c       0x30 C:/devkitPro/libctru/lib\libctru.a(syscalls.o)
                0x00114e5c                __syscall_getreent
 .text.__syscall_gettod_r
                0x00114e8c       0x64 C:/devkitPro/libctru/lib\libctru.a(syscalls.o)
                0x00114e8c                __syscall_gettod_r
 .text.__syscall_lock_acquire
                0x00114ef0        0x4 C:/devkitPro/libctru/lib\libctru.a(syscalls.o)
                0x00114ef0                __syscall_lock_acquire
 .text.__syscall_lock_release
                0x00114ef4        0x4 C:/devkitPro/libctru/lib\libctru.a(syscalls.o)
                0x00114ef4                __syscall_lock_release
 .text.__syscall_lock_acquire_recursive
                0x00114ef8        0x4 C:/devkitPro/libctru/lib\libctru.a(syscalls.o)
                0x00114ef8                __syscall_lock_acquire_recursive
 .text.__syscall_lock_release_recursive
                0x00114efc        0x4 C:/devkitPro/libctru/lib\libctru.a(syscalls.o)
                0x00114efc                __syscall_lock_release_recursive
 .text.__syscall_exit
                0x00114f00        0x4 C:/devkitPro/libctru/lib\libctru.a(syscalls.o)
                0x00114f00                __syscall_exit
 .text.initThreadVars
                0x00114f04       0x50 C:/devkitPro/libctru/lib\libctru.a(syscalls.o)
                0x00114f04                initThreadVars
 .text.__system_initSyscalls
                0x00114f54       0x80 C:/devkitPro/libctru/lib\libctru.a(syscalls.o)
                0x00114f54                __system_initSyscalls
 .text.__appExit
                0x00114fd4       0x30 C:/devkitPro/libctru/lib\libctru.a(appExit.o)
                0x00114fd4                __appExit
 .text.__libctru_exit
                0x00115004       0x90 C:/devkitPro/libctru/lib\libctru.a(ctru_exit.o)
                0x00115004                __libctru_exit
 .text.archive_link
                0x00115094       0x14 C:/devkitPro/libctru/lib\libctru.a(archive_dev.o)
 .text.archive_dirreset
                0x001150a8       0x14 C:/devkitPro/libctru/lib\libctru.a(archive_dev.o)
 .text.archive_chmod
                0x001150bc       0x14 C:/devkitPro/libctru/lib\libctru.a(archive_dev.o)
 .text.error_cmp
                0x001150d0       0x24 C:/devkitPro/libctru/lib\libctru.a(archive_dev.o)
 .text.archive_translate_error
                0x001150f4       0x50 C:/devkitPro/libctru/lib\libctru.a(archive_dev.o)
 .text.archive_seek
                0x00115144       0xc8 C:/devkitPro/libctru/lib\libctru.a(archive_dev.o)
 .text._archiveInit.part.0
                0x0011520c       0x7c C:/devkitPro/libctru/lib\libctru.a(archive_dev.o)
 .text.archiveFindDevice.part.0
                0x00115288       0xc4 C:/devkitPro/libctru/lib\libctru.a(archive_dev.o)
 .text.archive_utf16path
                0x0011534c      0x25c C:/devkitPro/libctru/lib\libctru.a(archive_dev.o)
 .text._archiveUnmountDeviceStruct.part.0
                0x001155a8       0xa0 C:/devkitPro/libctru/lib\libctru.a(archive_dev.o)
 .text.archive_fchmod
                0x00115648       0x14 C:/devkitPro/libctru/lib\libctru.a(archive_dev.o)
 .text.archive_statvfs
                0x0011565c       0x14 C:/devkitPro/libctru/lib\libctru.a(archive_dev.o)
 .text._archiveMountDevice
                0x00115670      0x164 C:/devkitPro/libctru/lib\libctru.a(archive_dev.o)
 .text.archive_diropen
                0x001157d4       0xe8 C:/devkitPro/libctru/lib\libctru.a(archive_dev.o)
 .text.archive_fstat
                0x001158bc       0xa4 C:/devkitPro/libctru/lib\libctru.a(archive_dev.o)
 .text.archive_close
                0x00115960       0x6c C:/devkitPro/libctru/lib\libctru.a(archive_dev.o)
 .text.archive_fsync
                0x001159cc       0x6c C:/devkitPro/libctru/lib\libctru.a(archive_dev.o)
 .text.archive_dirclose
                0x00115a38       0x70 C:/devkitPro/libctru/lib\libctru.a(archive_dev.o)
 .text.sdmc_statvfs
                0x00115aa8       0xe8 C:/devkitPro/libctru/lib\libctru.a(archive_dev.o)
 .text.archive_chdir
                0x00115b90       0xec C:/devkitPro/libctru/lib\libctru.a(archive_dev.o)
 .text.archive_ftruncate
                0x00115c7c       0x7c C:/devkitPro/libctru/lib\libctru.a(archive_dev.o)
 .text.archive_read
                0x00115cf8       0xac C:/devkitPro/libctru/lib\libctru.a(archive_dev.o)
 .text.archive_unlink
                0x00115da4       0xa4 C:/devkitPro/libctru/lib\libctru.a(archive_dev.o)
 .text.archive_rmdir
                0x00115e48       0xbc C:/devkitPro/libctru/lib\libctru.a(archive_dev.o)
 .text.archive_mkdir
                0x00115f04       0xdc C:/devkitPro/libctru/lib\libctru.a(archive_dev.o)
 .text.archive_stat
                0x00115fe0      0x19c C:/devkitPro/libctru/lib\libctru.a(archive_dev.o)
 .text.archive_dirnext
                0x0011617c      0x15c C:/devkitPro/libctru/lib\libctru.a(archive_dev.o)
 .text.archive_write
                0x001162d8       0xec C:/devkitPro/libctru/lib\libctru.a(archive_dev.o)
 .text.archive_open
                0x001163c4      0x1d4 C:/devkitPro/libctru/lib\libctru.a(archive_dev.o)
 .text.archive_rename
                0x00116598      0x278 C:/devkitPro/libctru/lib\libctru.a(archive_dev.o)
 .text.archiveMountSdmc
                0x00116810      0x19c C:/devkitPro/libctru/lib\libctru.a(archive_dev.o)
                0x00116810                archiveMountSdmc
 .text.archiveUnmountAll
                0x001169ac       0x54 C:/devkitPro/libctru/lib\libctru.a(archive_dev.o)
                0x001169ac                archiveUnmountAll
 .text.fmodf    0x00116a00       0x64 c:/devkitpro/devkitarm/bin/../lib/gcc/arm-none-eabi/12.2.0/../../../../arm-none-eabi/lib/armv6k/fpu\libm.a(libm_a-wf_fmod.o)
                0x00116a00                fmodf
 *fill*         0x00116a64        0x4 
 .text.sinf     0x00116a68      0x24c c:/devkitpro/devkitarm/bin/../lib/gcc/arm-none-eabi/12.2.0/../../../../arm-none-eabi/lib/armv6k/fpu\libm.a(libm_a-sinf.o)
                0x00116a68                sinf
 *fill*         0x00116cb4        0x4 
 .text.cosf     0x00116cb8      0x22c c:/devkitpro/devkitarm/bin/../lib/gcc/arm-none-eabi/12.2.0/../../../../arm-none-eabi/lib/armv6k/fpu\libm.a(libm_a-cosf.o)
                0x00116cb8                cosf
 .text.with_errnof
                0x00116ee4       0x24 c:/devkitpro/devkitarm/bin/../lib/gcc/arm-none-eabi/12.2.0/../../../../arm-none-eabi/lib/armv6k/fpu\libm.a(libm_a-math_errf.o)
 .text.__math_invalidf
                0x00116f08       0x1c c:/devkitpro/devkitarm/bin/../lib/gcc/arm-none-eabi/12.2.0/../../../../arm-none-eabi/lib/armv6k/fpu\libm.a(libm_a-math_errf.o)
                0x00116f08                __math_invalidf
 .text.ceilf    0x00116f24       0xb8 c:/devkitpro/devkitarm/bin/../lib/gcc/arm-none-eabi/12.2.0/../../../../arm-none-eabi/lib/armv6k/fpu\libm.a(libm_a-sf_ceil.o)
                0x00116f24                ceilf
 .text.__ieee754_fmodf
                0x00116fdc      0x1f4 c:/devkitpro/devkitarm/bin/../lib/gcc/arm-none-eabi/12.2.0/../../../../arm-none-eabi/lib/armv6k/fpu\libm.a(libm_a-ef_fmod.o)
                0x00116fdc                __ieee754_fmodf
 .text.__udivmoddi4
                0x001171d0      0x120 c:/devkitpro/devkitarm/bin/../lib/gcc/arm-none-eabi/12.2.0/armv6k/fpu\libgcc.a(_udivmoddi4.o)
                0x001171d0                __udivmoddi4
 .text.calloc   0x001172f0       0x20 c:/devkitpro/devkitarm/bin/../lib/gcc/arm-none-eabi/12.2.0/../../../../arm-none-eabi/lib/armv6k/fpu\libg.a(libc_a-calloc.o)
                0x001172f0                calloc
 .text._calloc_r
                0x00117310       0xc0 c:/devkitpro/devkitarm/bin/../lib/gcc/arm-none-eabi/12.2.0/../../../../arm-none-eabi/lib/armv6k/fpu\libg.a(libc_a-callocr.o)
                0x00117310                _calloc_r
 .text.exit     0x001173d0       0x30 c:/devkitpro/devkitarm/bin/../lib/gcc/arm-none-eabi/12.2.0/../../../../arm-none-eabi/lib/armv6k/fpu\libg.a(libc_a-exit.o)
                0x001173d0                exit
 .text.malloc   0x00117400       0x18 c:/devkitpro/devkitarm/bin/../lib/gcc/arm-none-eabi/12.2.0/../../../../arm-none-eabi/lib/armv6k/fpu\libg.a(libc_a-malloc.o)
                0x00117400                malloc
 .text.free     0x00117418       0x18 c:/devkitpro/devkitarm/bin/../lib/gcc/arm-none-eabi/12.2.0/../../../../arm-none-eabi/lib/armv6k/fpu\libg.a(libc_a-malloc.o)
                0x00117418                free
 .text._malloc_r
                0x00117430      0x7e4 c:/devkitpro/devkitarm/bin/../lib/gcc/arm-none-eabi/12.2.0/../../../../arm-none-eabi/lib/armv6k/fpu\libg.a(libc_a-mallocr.o)
                0x00117430                _malloc_r
 .text.__malloc_lock
                0x00117c14        0xc c:/devkitpro/devkitarm/bin/../lib/gcc/arm-none-eabi/12.2.0/../../../../arm-none-eabi/lib/armv6k/fpu\libg.a(libc_a-mlock.o)
                0x00117c14                __malloc_lock
 .text.__malloc_unlock
                0x00117c20        0xc c:/devkitpro/devkitarm/bin/../lib/gcc/arm-none-eabi/12.2.0/../../../../arm-none-eabi/lib/armv6k/fpu\libg.a(libc_a-mlock.o)
                0x00117c20                __malloc_unlock
 .text.rand     0x00117c2c       0x44 c:/devkitpro/devkitarm/bin/../lib/gcc/arm-none-eabi/12.2.0/../../../../arm-none-eabi/lib/armv6k/fpu\libg.a(libc_a-rand.o)
                0x00117c2c                rand
 .text.realloc  0x00117c70       0x20 c:/devkitpro/devkitarm/bin/../lib/gcc/arm-none-eabi/12.2.0/../../../../arm-none-eabi/lib/armv6k/fpu\libg.a(libc_a-realloc.o)
                0x00117c70                realloc
 .text._realloc_r
                0x00117c90      0x4a0 c:/devkitpro/devkitarm/bin/../lib/gcc/arm-none-eabi/12.2.0/../../../../arm-none-eabi/lib/armv6k/fpu\libg.a(libc_a-reallocr.o)
                0x00117c90                _realloc_r
 .text._strtoul_l.constprop.0
                0x00118130      0x1c4 c:/devkitpro/devkitarm/bin/../lib/gcc/arm-none-eabi/12.2.0/../../../../arm-none-eabi/lib/armv6k/fpu\libg.a(libc_a-strtoul.o)
 .text._strtoul_r
                0x001182f4       0x30 c:/devkitpro/devkitarm/bin/../lib/gcc/arm-none-eabi/12.2.0/../../../../arm-none-eabi/lib/armv6k/fpu\libg.a(libc_a-strtoul.o)
                0x001182f4                _strtoul_r
 .text.strtoul  0x00118324       0x34 c:/devkitpro/devkitarm/bin/../lib/gcc/arm-none-eabi/12.2.0/../../../../arm-none-eabi/lib/armv6k/fpu\libg.a(libc_a-strtoul.o)
                0x00118324                strtoul
 .text.memalign
                0x00118358       0x20 c:/devkitpro/devkitarm/bin/../lib/gcc/arm-none-eabi/12.2.0/../../../../arm-none-eabi/lib/armv6k/fpu\libg.a(libc_a-malign.o)
                0x00118358                memalign
 .text._memalign_r
                0x00118378      0x14c c:/devkitpro/devkitarm/bin/../lib/gcc/arm-none-eabi/12.2.0/../../../../arm-none-eabi/lib/armv6k/fpu\libg.a(libc_a-malignr.o)
                0x00118378                _memalign_r
 .text.bsearch  0x001184c4       0x78 c:/devkitpro/devkitarm/bin/../lib/gcc/arm-none-eabi/12.2.0/../../../../arm-none-eabi/lib/armv6k/fpu\libg.a(libc_a-bsearch.o)
                0x001184c4                bsearch
 .text.qsort    0x0011853c      0xa04 c:/devkitpro/devkitarm/bin/../lib/gcc/arm-none-eabi/12.2.0/../../../../arm-none-eabi/lib/armv6k/fpu\libg.a(libc_a-qsort.o)
                0x0011853c                qsort
 .text._fclose_r
                0x00118f40      0x148 c:/devkitpro/devkitarm/bin/../lib/gcc/arm-none-eabi/12.2.0/../../../../arm-none-eabi/lib/armv6k/fpu\libg.a(libc_a-fclose.o)
                0x00118f40                _fclose_r
 .text.fclose   0x00119088       0x18 c:/devkitpro/devkitarm/bin/../lib/gcc/arm-none-eabi/12.2.0/../../../../arm-none-eabi/lib/armv6k/fpu\libg.a(libc_a-fclose.o)
                0x00119088                fclose
 .text.__sflush_r
                0x001190a0      0x234 c:/devkitpro/devkitarm/bin/../lib/gcc/arm-none-eabi/12.2.0/../../../../arm-none-eabi/lib/armv6k/fpu\libg.a(libc_a-fflush.o)
                0x001190a0                __sflush_r
 .text._fflush_r
                0x001192d4       0x94 c:/devkitpro/devkitarm/bin/../lib/gcc/arm-none-eabi/12.2.0/../../../../arm-none-eabi/lib/armv6k/fpu\libg.a(libc_a-fflush.o)
                0x001192d4                _fflush_r
 .text.stdio_exit_handler
                0x00119368       0x1c c:/devkitpro/devkitarm/bin/../lib/gcc/arm-none-eabi/12.2.0/../../../../arm-none-eabi/lib/armv6k/fpu\libg.a(libc_a-findfp.o)
 .text.cleanup_stdio
                0x00119384       0x5c c:/devkitpro/devkitarm/bin/../lib/gcc/arm-none-eabi/12.2.0/../../../../arm-none-eabi/lib/armv6k/fpu\libg.a(libc_a-findfp.o)
 .text.global_stdio_init.part.0
                0x001193e0      0x154 c:/devkitpro/devkitarm/bin/../lib/gcc/arm-none-eabi/12.2.0/../../../../arm-none-eabi/lib/armv6k/fpu\libg.a(libc_a-findfp.o)
 .text.__sfp    0x00119534      0x134 c:/devkitpro/devkitarm/bin/../lib/gcc/arm-none-eabi/12.2.0/../../../../arm-none-eabi/lib/armv6k/fpu\libg.a(libc_a-findfp.o)
                0x00119534                __sfp
 .text.__sinit  0x00119668       0x5c c:/devkitpro/devkitarm/bin/../lib/gcc/arm-none-eabi/12.2.0/../../../../arm-none-eabi/lib/armv6k/fpu\libg.a(libc_a-findfp.o)
                0x00119668                __sinit
 .text.__sfp_lock_acquire
                0x001196c4        0xc c:/devkitpro/devkitarm/bin/../lib/gcc/arm-none-eabi/12.2.0/../../../../arm-none-eabi/lib/armv6k/fpu\libg.a(libc_a-findfp.o)
                0x001196c4                __sfp_lock_acquire
 .text.__sfp_lock_release
                0x001196d0        0xc c:/devkitpro/devkitarm/bin/../lib/gcc/arm-none-eabi/12.2.0/../../../../arm-none-eabi/lib/armv6k/fpu\libg.a(libc_a-findfp.o)
                0x001196d0                __sfp_lock_release
 .text._fopen_r
                0x001196dc      0x12c c:/devkitpro/devkitarm/bin/../lib/gcc/arm-none-eabi/12.2.0/../../../../arm-none-eabi/lib/armv6k/fpu\libg.a(libc_a-fopen.o)
                0x001196dc                _fopen_r
 .text.fopen    0x00119808       0x20 c:/devkitpro/devkitarm/bin/../lib/gcc/arm-none-eabi/12.2.0/../../../../arm-none-eabi/lib/armv6k/fpu\libg.a(libc_a-fopen.o)
                0x00119808                fopen
 .text._fread_r
                0x00119828      0x344 c:/devkitpro/devkitarm/bin/../lib/gcc/arm-none-eabi/12.2.0/../../../../arm-none-eabi/lib/armv6k/fpu\libg.a(libc_a-fread.o)
                0x00119828                _fread_r
 .text.fread    0x00119b6c       0x38 c:/devkitpro/devkitarm/bin/../lib/gcc/arm-none-eabi/12.2.0/../../../../arm-none-eabi/lib/armv6k/fpu\libg.a(libc_a-fread.o)
                0x00119b6c                fread
 .text._fseek_r
                0x00119ba4       0x1c c:/devkitpro/devkitarm/bin/../lib/gcc/arm-none-eabi/12.2.0/../../../../arm-none-eabi/lib/armv6k/fpu\libg.a(libc_a-fseek.o)
                0x00119ba4                _fseek_r
 .text._fwalk_sglue
                0x00119bc0       0x70 c:/devkitpro/devkitarm/bin/../lib/gcc/arm-none-eabi/12.2.0/../../../../arm-none-eabi/lib/armv6k/fpu\libg.a(libc_a-fwalk.o)
                0x00119bc0                _fwalk_sglue
 .text.__smakebuf_r
                0x00119c30      0x130 c:/devkitpro/devkitarm/bin/../lib/gcc/arm-none-eabi/12.2.0/../../../../arm-none-eabi/lib/armv6k/fpu\libg.a(libc_a-makebuf.o)
                0x00119c30                __smakebuf_r
 .text.__swhatbuf_r
                0x00119d60       0x8c c:/devkitpro/devkitarm/bin/../lib/gcc/arm-none-eabi/12.2.0/../../../../arm-none-eabi/lib/armv6k/fpu\libg.a(libc_a-makebuf.o)
                0x00119d60                __swhatbuf_r
 .text.printf   0x00119dec       0x34 c:/devkitpro/devkitarm/bin/../lib/gcc/arm-none-eabi/12.2.0/../../../../arm-none-eabi/lib/armv6k/fpu\libg.a(libc_a-printf.o)
                0x00119dec                printf
 .text.lflush   0x00119e20       0x38 c:/devkitpro/devkitarm/bin/../lib/gcc/arm-none-eabi/12.2.0/../../../../arm-none-eabi/lib/armv6k/fpu\libg.a(libc_a-refill.o)
 .text.__srefill_r
                0x00119e58      0x19c c:/devkitpro/devkitarm/bin/../lib/gcc/arm-none-eabi/12.2.0/../../../../arm-none-eabi/lib/armv6k/fpu\libg.a(libc_a-refill.o)
                0x00119e58                __srefill_r
 .text.setvbuf  0x00119ff4      0x264 c:/devkitpro/devkitarm/bin/../lib/gcc/arm-none-eabi/12.2.0/../../../../arm-none-eabi/lib/armv6k/fpu\libg.a(libc_a-setvbuf.o)
                0x00119ff4                setvbuf
 .text.sscanf   0x0011a258       0x74 c:/devkitpro/devkitarm/bin/../lib/gcc/arm-none-eabi/12.2.0/../../../../arm-none-eabi/lib/armv6k/fpu\libg.a(libc_a-sscanf.o)
                0x0011a258                sscanf
 .text.__sread  0x0011a2cc       0x44 c:/devkitpro/devkitarm/bin/../lib/gcc/arm-none-eabi/12.2.0/../../../../arm-none-eabi/lib/armv6k/fpu\libg.a(libc_a-stdio.o)
                0x0011a2cc                __sread
 .text.__seofread
                0x0011a310        0x8 c:/devkitpro/devkitarm/bin/../lib/gcc/arm-none-eabi/12.2.0/../../../../arm-none-eabi/lib/armv6k/fpu\libg.a(libc_a-stdio.o)
                0x0011a310                __seofread
 .text.__swrite
                0x0011a318       0x68 c:/devkitpro/devkitarm/bin/../lib/gcc/arm-none-eabi/12.2.0/../../../../arm-none-eabi/lib/armv6k/fpu\libg.a(libc_a-stdio.o)
                0x0011a318                __swrite
 .text.__sseek  0x0011a380       0x44 c:/devkitpro/devkitarm/bin/../lib/gcc/arm-none-eabi/12.2.0/../../../../arm-none-eabi/lib/armv6k/fpu\libg.a(libc_a-stdio.o)
                0x0011a380                __sseek
 .text.__sclose
                0x0011a3c4        0x8 c:/devkitpro/devkitarm/bin/../lib/gcc/arm-none-eabi/12.2.0/../../../../arm-none-eabi/lib/armv6k/fpu\libg.a(libc_a-stdio.o)
                0x0011a3c4                __sclose
 .text._fseeko_r
                0x0011a3cc      0x5a0 c:/devkitpro/devkitarm/bin/../lib/gcc/arm-none-eabi/12.2.0/../../../../arm-none-eabi/lib/armv6k/fpu\libg.a(libc_a-fseeko.o)
                0x0011a3cc                _fseeko_r
 .text.memcmp   0x0011a96c       0xb0 c:/devkitpro/devkitarm/bin/../lib/gcc/arm-none-eabi/12.2.0/../../../../arm-none-eabi/lib/armv6k/fpu\libg.a(libc_a-memcmp.o)
                0x0011a96c                memcmp
 .text.memmove  0x0011aa1c      0x150 c:/devkitpro/devkitarm/bin/../lib/gcc/arm-none-eabi/12.2.0/../../../../arm-none-eabi/lib/armv6k/fpu\libg.a(libc_a-memmove.o)
                0x0011aa1c                memmove
 .text.memset   0x0011ab6c       0xf4 c:/devkitpro/devkitarm/bin/../lib/gcc/arm-none-eabi/12.2.0/../../../../arm-none-eabi/lib/armv6k/fpu\libg.a(libc_a-memset.o)
                0x0011ab6c                memset
 .text.strchr   0x0011ac60      0x130 c:/devkitpro/devkitarm/bin/../lib/gcc/arm-none-eabi/12.2.0/../../../../arm-none-eabi/lib/armv6k/fpu\libg.a(libc_a-strchr.o)
                0x0011ac60                strchr
 .text.strlen   0x0011ad90       0x90 c:/devkitpro/devkitarm/bin/../lib/gcc/arm-none-eabi/12.2.0/../../../../arm-none-eabi/lib/armv6k/fpu\libg.a(libc_a-strlen.o)
                0x0011ad90                strlen
 .text.strncat  0x0011ae20       0xe4 c:/devkitpro/devkitarm/bin/../lib/gcc/arm-none-eabi/12.2.0/../../../../arm-none-eabi/lib/armv6k/fpu\libg.a(libc_a-strncat.o)
                0x0011ae20                strncat
 .text.strncmp  0x0011af04       0xe4 c:/devkitpro/devkitarm/bin/../lib/gcc/arm-none-eabi/12.2.0/../../../../arm-none-eabi/lib/armv6k/fpu\libg.a(libc_a-strncmp.o)
                0x0011af04                strncmp
 .text.strncpy  0x0011afe8       0xc4 c:/devkitpro/devkitarm/bin/../lib/gcc/arm-none-eabi/12.2.0/../../../../arm-none-eabi/lib/armv6k/fpu\libg.a(libc_a-strncpy.o)
                0x0011afe8                strncpy
 .text.strnlen  0x0011b0ac       0x48 c:/devkitpro/devkitarm/bin/../lib/gcc/arm-none-eabi/12.2.0/../../../../arm-none-eabi/lib/armv6k/fpu\libg.a(libc_a-strnlen.o)
                0x0011b0ac                strnlen
 .text.time     0x0011b0f4       0x4c c:/devkitpro/devkitarm/bin/../lib/gcc/arm-none-eabi/12.2.0/../../../../arm-none-eabi/lib/armv6k/fpu\libg.a(libc_a-time.o)
                0x0011b0f4                time
 .text.__errno  0x0011b140        0xc c:/devkitpro/devkitarm/bin/../lib/gcc/arm-none-eabi/12.2.0/../../../../arm-none-eabi/lib/armv6k/fpu\libg.a(libc_a-errno.o)
                0x0011b140                __errno
 .text.__libc_init_array
                0x0011b14c       0x84 c:/devkitpro/devkitarm/bin/../lib/gcc/arm-none-eabi/12.2.0/../../../../arm-none-eabi/lib/armv6k/fpu\libg.a(libc_a-init.o)
                0x0011b14c                __libc_init_array
 .text.__libc_fini_array
                0x0011b1d0       0x3c c:/devkitpro/devkitarm/bin/../lib/gcc/arm-none-eabi/12.2.0/../../../../arm-none-eabi/lib/armv6k/fpu\libg.a(libc_a-fini.o)
                0x0011b1d0                __libc_fini_array
 .text.memchr   0x0011b20c       0xe4 c:/devkitpro/devkitarm/bin/../lib/gcc/arm-none-eabi/12.2.0/../../../../arm-none-eabi/lib/armv6k/fpu\libg.a(libc_a-memchr-stub.o)
                0x0011b20c                memchr
 .text.memcpy   0x0011b2f0      0x118 c:/devkitpro/devkitarm/bin/../lib/gcc/arm-none-eabi/12.2.0/../../../../arm-none-eabi/lib/armv6k/fpu\libg.a(libc_a-memcpy-stub.o)
                0x0011b2f0                memcpy
 .text.__call_exitprocs
                0x0011b408      0x110 c:/devkitpro/devkitarm/bin/../lib/gcc/arm-none-eabi/12.2.0/../../../../arm-none-eabi/lib/armv6k/fpu\libg.a(libc_a-__call_atexit.o)
                0x0011b408                __call_exitprocs
 .text._malloc_trim_r
                0x0011b518       0xf8 c:/devkitpro/devkitarm/bin/../lib/gcc/arm-none-eabi/12.2.0/../../../../arm-none-eabi/lib/armv6k/fpu\libg.a(libc_a-freer.o)
                0x0011b518                _malloc_trim_r
 .text._free_r  0x0011b610      0x2e8 c:/devkitpro/devkitarm/bin/../lib/gcc/arm-none-eabi/12.2.0/../../../../arm-none-eabi/lib/armv6k/fpu\libg.a(libc_a-freer.o)
                0x0011b610                _free_r
 .text.get_arg  0x0011b8f8       0x50 c:/devkitpro/devkitarm/bin/../lib/gcc/arm-none-eabi/12.2.0/../../../../arm-none-eabi/lib/armv6k/fpu\libg.a(libc_a-svfscanf.o)
 .text.__ssvfscanf_r
                0x0011b948     0x2c44 c:/devkitpro/devkitarm/bin/../lib/gcc/arm-none-eabi/12.2.0/../../../../arm-none-eabi/lib/armv6k/fpu\libg.a(libc_a-svfscanf.o)
                0x0011b948                __ssvfscanf_r
 .text.get_arg  0x0011e58c      0x67c c:/devkitpro/devkitarm/bin/../lib/gcc/arm-none-eabi/12.2.0/../../../../arm-none-eabi/lib/armv6k/fpu\libg.a(libc_a-vfprintf.o)
 .text._vfprintf_r
                0x0011ec08     0x33b8 c:/devkitpro/devkitarm/bin/../lib/gcc/arm-none-eabi/12.2.0/../../../../arm-none-eabi/lib/armv6k/fpu\libg.a(libc_a-vfprintf.o)
                0x0011ec08                _vfprintf_r
 .text.__sbprintf
                0x00121fc0       0xb8 c:/devkitpro/devkitarm/bin/../lib/gcc/arm-none-eabi/12.2.0/../../../../arm-none-eabi/lib/armv6k/fpu\libg.a(libc_a-vfprintf.o)
 .text.get_arg  0x00122078      0x67c c:/devkitpro/devkitarm/bin/../lib/gcc/arm-none-eabi/12.2.0/../../../../arm-none-eabi/lib/armv6k/fpu\libg.a(libc_a-vfiprintf.o)
 .text.__sprint_r
                0x001226f4       0x30 c:/devkitpro/devkitarm/bin/../lib/gcc/arm-none-eabi/12.2.0/../../../../arm-none-eabi/lib/armv6k/fpu\libg.a(libc_a-vfiprintf.o)
                0x001226f4                __sprint_r
 .text._vfiprintf_r
                0x00122724     0x230c c:/devkitpro/devkitarm/bin/../lib/gcc/arm-none-eabi/12.2.0/../../../../arm-none-eabi/lib/armv6k/fpu\libg.a(libc_a-vfiprintf.o)
                0x00122724                _vfiprintf_r
 .text.__sbprintf
                0x00124a30       0xb8 c:/devkitpro/devkitarm/bin/../lib/gcc/arm-none-eabi/12.2.0/../../../../arm-none-eabi/lib/armv6k/fpu\libg.a(libc_a-vfiprintf.o)
 .text.__sflags
                0x00124ae8       0xc8 c:/devkitpro/devkitarm/bin/../lib/gcc/arm-none-eabi/12.2.0/../../../../arm-none-eabi/lib/armv6k/fpu\libg.a(libc_a-flags.o)
                0x00124ae8                __sflags
 .text.__sfvwrite_r
                0x00124bb0      0x4b4 c:/devkitpro/devkitarm/bin/../lib/gcc/arm-none-eabi/12.2.0/../../../../arm-none-eabi/lib/armv6k/fpu\libg.a(libc_a-fvwrite.o)
                0x00124bb0                __sfvwrite_r
 .text.__sccl   0x00125064       0xf4 c:/devkitpro/devkitarm/bin/../lib/gcc/arm-none-eabi/12.2.0/../../../../arm-none-eabi/lib/armv6k/fpu\libg.a(libc_a-sccl.o)
                0x00125064                __sccl
 .text.sprintf  0x00125158       0x64 c:/devkitpro/devkitarm/bin/../lib/gcc/arm-none-eabi/12.2.0/../../../../arm-none-eabi/lib/armv6k/fpu\libg.a(libc_a-sprintf.o)
                0x00125158                sprintf
 .text.__swsetup_r
                0x001251bc      0x134 c:/devkitpro/devkitarm/bin/../lib/gcc/arm-none-eabi/12.2.0/../../../../arm-none-eabi/lib/armv6k/fpu\libg.a(libc_a-wsetup.o)
                0x001251bc                __swsetup_r
 .text.stpncpy  0x001252f0       0xcc c:/devkitpro/devkitarm/bin/../lib/gcc/arm-none-eabi/12.2.0/../../../../arm-none-eabi/lib/armv6k/fpu\libg.a(libc_a-stpncpy.o)
                0x001252f0                stpncpy
 .text.__locale_mb_cur_max
                0x001253bc       0x24 c:/devkitpro/devkitarm/bin/../lib/gcc/arm-none-eabi/12.2.0/../../../../arm-none-eabi/lib/armv6k/fpu\libg.a(libc_a-locale.o)
                0x001253bc                __locale_mb_cur_max
 .text._localeconv_r
                0x001253e0       0x24 c:/devkitpro/devkitarm/bin/../lib/gcc/arm-none-eabi/12.2.0/../../../../arm-none-eabi/lib/armv6k/fpu\libg.a(libc_a-localeconv.o)
                0x001253e0                _localeconv_r
 .text.nanf     0x00125404        0xc c:/devkitpro/devkitarm/bin/../lib/gcc/arm-none-eabi/12.2.0/../../../../arm-none-eabi/lib/armv6k/fpu\libg.a(libm_a-sf_nan.o)
                0x00125404                nanf
 .text.frexp    0x00125410       0x88 c:/devkitpro/devkitarm/bin/../lib/gcc/arm-none-eabi/12.2.0/../../../../arm-none-eabi/lib/armv6k/fpu\libg.a(libm_a-s_frexp.o)
                0x00125410                frexp
 .text.quorem   0x00125498      0x1b0 c:/devkitpro/devkitarm/bin/../lib/gcc/arm-none-eabi/12.2.0/../../../../arm-none-eabi/lib/armv6k/fpu\libg.a(libc_a-dtoa.o)
 .text._dtoa_r  0x00125648     0x11f8 c:/devkitpro/devkitarm/bin/../lib/gcc/arm-none-eabi/12.2.0/../../../../arm-none-eabi/lib/armv6k/fpu\libg.a(libc_a-dtoa.o)
                0x00125648                _dtoa_r
 .text.__utf8_mbtowc
                0x00126840      0x2f8 c:/devkitpro/devkitarm/bin/../lib/gcc/arm-none-eabi/12.2.0/../../../../arm-none-eabi/lib/armv6k/fpu\libg.a(libc_a-mbtowc_r.o)
                0x00126840                __utf8_mbtowc
 .text._Balloc  0x00126b38       0x88 c:/devkitpro/devkitarm/bin/../lib/gcc/arm-none-eabi/12.2.0/../../../../arm-none-eabi/lib/armv6k/fpu\libg.a(libc_a-mprec.o)
                0x00126b38                _Balloc
 .text._Bfree   0x00126bc0       0x1c c:/devkitpro/devkitarm/bin/../lib/gcc/arm-none-eabi/12.2.0/../../../../arm-none-eabi/lib/armv6k/fpu\libg.a(libc_a-mprec.o)
                0x00126bc0                _Bfree
 .text.__multadd
                0x00126bdc       0xf4 c:/devkitpro/devkitarm/bin/../lib/gcc/arm-none-eabi/12.2.0/../../../../arm-none-eabi/lib/armv6k/fpu\libg.a(libc_a-mprec.o)
                0x00126bdc                __multadd
 .text.__s2b    0x00126cd0      0x110 c:/devkitpro/devkitarm/bin/../lib/gcc/arm-none-eabi/12.2.0/../../../../arm-none-eabi/lib/armv6k/fpu\libg.a(libc_a-mprec.o)
                0x00126cd0                __s2b
 .text.__hi0bits
                0x00126de0       0x60 c:/devkitpro/devkitarm/bin/../lib/gcc/arm-none-eabi/12.2.0/../../../../arm-none-eabi/lib/armv6k/fpu\libg.a(libc_a-mprec.o)
                0x00126de0                __hi0bits
 .text.__lo0bits
                0x00126e40       0x9c c:/devkitpro/devkitarm/bin/../lib/gcc/arm-none-eabi/12.2.0/../../../../arm-none-eabi/lib/armv6k/fpu\libg.a(libc_a-mprec.o)
                0x00126e40                __lo0bits
 .text.__i2b    0x00126edc       0xac c:/devkitpro/devkitarm/bin/../lib/gcc/arm-none-eabi/12.2.0/../../../../arm-none-eabi/lib/armv6k/fpu\libg.a(libc_a-mprec.o)
                0x00126edc                __i2b
 .text.__multiply
                0x00126f88      0x204 c:/devkitpro/devkitarm/bin/../lib/gcc/arm-none-eabi/12.2.0/../../../../arm-none-eabi/lib/armv6k/fpu\libg.a(libc_a-mprec.o)
                0x00126f88                __multiply
 .text.__pow5mult
                0x0012718c      0x128 c:/devkitpro/devkitarm/bin/../lib/gcc/arm-none-eabi/12.2.0/../../../../arm-none-eabi/lib/armv6k/fpu\libg.a(libc_a-mprec.o)
                0x0012718c                __pow5mult
 .text.__lshift
                0x001272b4      0x140 c:/devkitpro/devkitarm/bin/../lib/gcc/arm-none-eabi/12.2.0/../../../../arm-none-eabi/lib/armv6k/fpu\libg.a(libc_a-mprec.o)
                0x001272b4                __lshift
 .text.__mcmp   0x001273f4       0x58 c:/devkitpro/devkitarm/bin/../lib/gcc/arm-none-eabi/12.2.0/../../../../arm-none-eabi/lib/armv6k/fpu\libg.a(libc_a-mprec.o)
                0x001273f4                __mcmp
 .text.__mdiff  0x0012744c      0x1f0 c:/devkitpro/devkitarm/bin/../lib/gcc/arm-none-eabi/12.2.0/../../../../arm-none-eabi/lib/armv6k/fpu\libg.a(libc_a-mprec.o)
                0x0012744c                __mdiff
 .text.__ulp    0x0012763c       0x68 c:/devkitpro/devkitarm/bin/../lib/gcc/arm-none-eabi/12.2.0/../../../../arm-none-eabi/lib/armv6k/fpu\libg.a(libc_a-mprec.o)
                0x0012763c                __ulp
 .text.__b2d    0x001276a4       0xd0 c:/devkitpro/devkitarm/bin/../lib/gcc/arm-none-eabi/12.2.0/../../../../arm-none-eabi/lib/armv6k/fpu\libg.a(libc_a-mprec.o)
                0x001276a4                __b2d
 .text.__d2b    0x00127774      0x120 c:/devkitpro/devkitarm/bin/../lib/gcc/arm-none-eabi/12.2.0/../../../../arm-none-eabi/lib/armv6k/fpu\libg.a(libc_a-mprec.o)
                0x00127774                __d2b
 .text.__ratio  0x00127894       0x78 c:/devkitpro/devkitarm/bin/../lib/gcc/arm-none-eabi/12.2.0/../../../../arm-none-eabi/lib/armv6k/fpu\libg.a(libc_a-mprec.o)
                0x00127894                __ratio
 .text.__copybits